Archive member included to satisfy reference by file (symbol)

D:/cubeide_workspace/EmbSchool/Drivers/EmWin/STemWin_CM4_wc32.a(GUICC_565.o)
                              ./Drivers/EmWin/src/LCDConf_FlexColor.o (LCD_API_ColorConv_565)
D:/cubeide_workspace/EmbSchool/Drivers/EmWin/STemWin_CM4_wc32.a(GUI_Alloc.o)
                              ./Drivers/EmWin/src/GUIConf.o (GUI_ALLOC_AssignMemory)
D:/cubeide_workspace/EmbSchool/Drivers/EmWin/STemWin_CM4_wc32.a(GUI_Common.o)
                              ./Core/Src/main.o (GUI_GotoXY)
D:/cubeide_workspace/EmbSchool/Drivers/EmWin/STemWin_CM4_wc32.a(GUI_Core.o)
                              D:/cubeide_workspace/EmbSchool/Drivers/EmWin/STemWin_CM4_wc32.a(GUI_Common.o) (GUI_pfExecAnimations)
D:/cubeide_workspace/EmbSchool/Drivers/EmWin/STemWin_CM4_wc32.a(GUI_Device.o)
                              ./Drivers/EmWin/src/LCDConf_FlexColor.o (GUI_DEVICE_CreateAndLink)
D:/cubeide_workspace/EmbSchool/Drivers/EmWin/STemWin_CM4_wc32.a(GUI_DispChar.o)
                              ./Core/Src/main.o (GUI_DispCharAt)
D:/cubeide_workspace/EmbSchool/Drivers/EmWin/STemWin_CM4_wc32.a(GUI_DispString.o)
                              ./Core/Src/screen.o (GUI_DispString)
D:/cubeide_workspace/EmbSchool/Drivers/EmWin/STemWin_CM4_wc32.a(GUI_DispStringInRectEx.o)
                              D:/cubeide_workspace/EmbSchool/Drivers/EmWin/STemWin_CM4_wc32.a(GUI_DispString.o) (GUI_DispStringInRectEx)
D:/cubeide_workspace/EmbSchool/Drivers/EmWin/STemWin_CM4_wc32.a(GUI_DrawGradient.o)
                              ./Core/Src/main.o (GUI_DrawGradientH)
D:/cubeide_workspace/EmbSchool/Drivers/EmWin/STemWin_CM4_wc32.a(GUI_OnKey.o)
                              D:/cubeide_workspace/EmbSchool/Drivers/EmWin/STemWin_CM4_wc32.a(GUI_Common.o) (GUI_GetKey)
D:/cubeide_workspace/EmbSchool/Drivers/EmWin/STemWin_CM4_wc32.a(GUI_UC.o)
                              D:/cubeide_workspace/EmbSchool/Drivers/EmWin/STemWin_CM4_wc32.a(GUI_DispString.o) (GUI_UC__GetCharCodeInc)
D:/cubeide_workspace/EmbSchool/Drivers/EmWin/STemWin_CM4_wc32.a(GUI_UC_EncodeNone.o)
                              D:/cubeide_workspace/EmbSchool/Drivers/EmWin/STemWin_CM4_wc32.a(GUI_Core.o) (GUI_UC_None)
D:/cubeide_workspace/EmbSchool/Drivers/EmWin/STemWin_CM4_wc32.a(GUI_Valf.o)
                              ./Core/Src/main.o (GUI_DispFloat)
D:/cubeide_workspace/EmbSchool/Drivers/EmWin/STemWin_CM4_wc32.a(GUI_WaitEvent.o)
                              D:/cubeide_workspace/EmbSchool/Drivers/EmWin/STemWin_CM4_wc32.a(GUI_OnKey.o) (GUI_SignalEvent)
D:/cubeide_workspace/EmbSchool/Drivers/EmWin/STemWin_CM4_wc32.a(GUI__DivTbl.o)
                              D:/cubeide_workspace/EmbSchool/Drivers/EmWin/STemWin_CM4_wc32.a(GUICC_565.o) (GUI__aConvert_255_63)
D:/cubeide_workspace/EmbSchool/Drivers/EmWin/STemWin_CM4_wc32.a(GUI__Private.o)
                              D:/cubeide_workspace/EmbSchool/Drivers/EmWin/STemWin_CM4_wc32.a(GUI_Common.o) (GUI__HandleEOLine)
D:/cubeide_workspace/EmbSchool/Drivers/EmWin/STemWin_CM4_wc32.a(GUI__SinHQ.o)
                              D:/cubeide_workspace/EmbSchool/Drivers/EmWin/STemWin_CM4_wc32.a(GUI_Common.o) (GUI__SinHQ)
D:/cubeide_workspace/EmbSchool/Drivers/EmWin/STemWin_CM4_wc32.a(GUI__Wrap.o)
                              D:/cubeide_workspace/EmbSchool/Drivers/EmWin/STemWin_CM4_wc32.a(GUI_DispString.o) (GUI__WrapGetNumCharsDisp)
D:/cubeide_workspace/EmbSchool/Drivers/EmWin/STemWin_CM4_wc32.a(LCD.o)
                              D:/cubeide_workspace/EmbSchool/Drivers/EmWin/STemWin_CM4_wc32.a(GUI_Common.o) (LCD_SetDrawMode)
D:/cubeide_workspace/EmbSchool/Drivers/EmWin/STemWin_CM4_wc32.a(LCD_Color.o)
                              D:/cubeide_workspace/EmbSchool/Drivers/EmWin/STemWin_CM4_wc32.a(LCD.o) (LCD_InitColors)
D:/cubeide_workspace/EmbSchool/Drivers/EmWin/STemWin_CM4_wc32.a(LCD_GetColorIndex.o)
                              D:/cubeide_workspace/EmbSchool/Drivers/EmWin/STemWin_CM4_wc32.a(GUI_Common.o) (LCD_GetBkColorIndex)
D:/cubeide_workspace/EmbSchool/Drivers/EmWin/STemWin_CM4_wc32.a(LCD_GetEx.o)
                              D:/cubeide_workspace/EmbSchool/Drivers/EmWin/STemWin_CM4_wc32.a(LCD_Color.o) (LCD_GetBitsPerPixelEx)
D:/cubeide_workspace/EmbSchool/Drivers/EmWin/STemWin_CM4_wc32.a(LCD_GetNumDisplays.o)
                              D:/cubeide_workspace/EmbSchool/Drivers/EmWin/STemWin_CM4_wc32.a(LCD_Color.o) (LCD_GetNumLayers)
D:/cubeide_workspace/EmbSchool/Drivers/EmWin/STemWin_CM4_wc32.a(LCD_GetP.o)
                              D:/cubeide_workspace/EmbSchool/Drivers/EmWin/STemWin_CM4_wc32.a(GUI_Common.o) (LCD_GetPixelIndex)
D:/cubeide_workspace/EmbSchool/Drivers/EmWin/STemWin_CM4_wc32.a(LCD_GetPixelColor.o)
                              D:/cubeide_workspace/EmbSchool/Drivers/EmWin/STemWin_CM4_wc32.a(GUI__Private.o) (LCD_GetPixelColor)
D:/cubeide_workspace/EmbSchool/Drivers/EmWin/STemWin_CM4_wc32.a(LCD_Rotate180.o)
[...]
Memory Configuration

Name             Origin             Length             Attributes
CCMRAM           0x0000000010000000 0x0000000000010000 xrw
RAM              0x0000000020000000 0x0000000000020000 xrw
FLASH            0x0000000008000000 0x0000000000100000 xr
*default*        0x0000000000000000 0xffffffffffffffff

Linker script and memory map

LOAD d:/st/stm32cubeide_1.8.0/stm32cubeide/plugins/com.st.stm32cube.ide.mcu.externaltools.gnu-tools-for-stm32.10.3-2021.10.win32_1.0.0.202111181127/tools/bin/../lib/gcc/arm-none-eabi/10.3.1/thumb/v7e-m+fp/hard/crti.o
LOAD d:/st/stm32cubeide_1.8.0/stm32cubeide/plugins/com.st.stm32cube.ide.mcu.externaltools.gnu-tools-for-stm32.10.3-2021.10.win32_1.0.0.202111181127/tools/bin/../lib/gcc/arm-none-eabi/10.3.1/thumb/v7e-m+fp/hard/crtbegin.o
LOAD d:/st/stm32cubeide_1.8.0/stm32cubeide/plugins/com.st.stm32cube.ide.mcu.externaltools.gnu-tools-for-stm32.10.3-2021.10.win32_1.0.0.202111181127/tools/bin/../lib/gcc/arm-none-eabi/10.3.1/../../../../arm-none-eabi/lib/thumb/v7e-m+fp/hard/crt0.o
LOAD ./Core/Src/i2c.o
LOAD ./Core/Src/main.o
LOAD ./Core/Src/screen.o
LOAD ./Core/Src/spi.o
LOAD ./Core/Src/stm32f4xx_hal_msp.o
LOAD ./Core/Src/stm32f4xx_it.o
LOAD ./Core/Src/syscalls.o
LOAD ./Core/Src/sysmem.o
LOAD ./Core/Src/system_stm32f4xx.o
LOAD ./Core/Src/uart.o
LOAD ./Core/Src/user.o
LOAD ./Core/Startup/startup_stm32f407vgtx.o
LOAD ./Drivers/DS3231/ds3231.o
LOAD ./Drivers/EmWin/src/GUIConf.o
LOAD ./Drivers/EmWin/src/GUI_X.o
LOAD ./Drivers/EmWin/src/LCDConf_FlexColor.o
LOAD ./Drivers/ILI9341/src/ILI9341.o
LOAD ./Drivers/ILI9341/src/ILI9341_GFX.o
LOAD ./Drivers/ILI9341/src/fonts.o
LOAD ./Drivers/LIS3DS/lis3dsh.o
LOAD ./Drivers/SHT20/sht20.o
LOAD ./Drivers/STM32F4xx_HAL_Driver/Src/stm32f4xx_hal.o
LOAD ./Drivers/STM32F4xx_HAL_Driver/Src/stm32f4xx_hal_adc.o
LOAD ./Drivers/STM32F4xx_HAL_Driver/Src/stm32f4xx_hal_adc_ex.o
LOAD ./Drivers/STM32F4xx_HAL_Driver/Src/stm32f4xx_hal_cortex.o
LOAD ./Drivers/STM32F4xx_HAL_Driver/Src/stm32f4xx_hal_dma.o
LOAD ./Drivers/STM32F4xx_HAL_Driver/Src/stm32f4xx_hal_dma_ex.o
LOAD ./Drivers/STM32F4xx_HAL_Driver/Src/stm32f4xx_hal_exti.o
LOAD ./Drivers/STM32F4xx_HAL_Driver/Src/stm32f4xx_hal_flash.o
LOAD ./Drivers/STM32F4xx_HAL_Driver/Src/stm32f4xx_hal_flash_ex.o
LOAD ./Drivers/STM32F4xx_HAL_Driver/Src/stm32f4xx_hal_flash_ramfunc.o
LOAD ./Drivers/STM32F4xx_HAL_Driver/Src/stm32f4xx_hal_gpio.o
LOAD ./Drivers/STM32F4xx_HAL_Driver/Src/stm32f4xx_hal_i2c.o
LOAD ./Drivers/STM32F4xx_HAL_Driver/Src/stm32f4xx_hal_i2c_ex.o
LOAD ./Drivers/STM32F4xx_HAL_Driver/Src/stm32f4xx_hal_pwr.o
LOAD ./Drivers/STM32F4xx_HAL_Driver/Src/stm32f4xx_hal_pwr_ex.o
LOAD ./Drivers/STM32F4xx_HAL_Driver/Src/stm32f4xx_hal_rcc.o
LOAD ./Drivers/STM32F4xx_HAL_Driver/Src/stm32f4xx_hal_rcc_ex.o
LOAD ./Drivers/STM32F4xx_HAL_Driver/Src/stm32f4xx_hal_tim.o
LOAD ./Drivers/STM32F4xx_HAL_Driver/Src/stm32f4xx_hal_tim_ex.o
LOAD ./Drivers/STM32F4xx_HAL_Driver/Src/stm32f4xx_ll_adc.o
LOAD ./Drivers/STM32F4xx_HAL_Driver/Src/stm32f4xx_ll_crc.o
LOAD ./Drivers/STM32F4xx_HAL_Driver/Src/stm32f4xx_ll_dma.o
LOAD ./Drivers/STM32F4xx_HAL_Driver/Src/stm32f4xx_ll_exti.o
LOAD ./Drivers/STM32F4xx_HAL_Driver/Src/stm32f4xx_ll_gpio.o
LOAD ./Drivers/STM32F4xx_HAL_Driver/Src/stm32f4xx_ll_rcc.o
LOAD ./Drivers/STM32F4xx_HAL_Driver/Src/stm32f4xx_ll_spi.o
LOAD ./Drivers/STM32F4xx_HAL_Driver/Src/stm32f4xx_ll_tim.o
LOAD ./Drivers/STM32F4xx_HAL_Driver/Src/stm32f4xx_ll_usart.o
LOAD ./Drivers/STM32F4xx_HAL_Driver/Src/stm32f4xx_ll_utils.o
LOAD D:/cubeide_workspace/EmbSchool/Drivers/EmWin/STemWin_CM4_wc32.a
START GROUP
LOAD d:/st/stm32cubeide_1.8.0/stm32cubeide/plugins/com.st.stm32cube.ide.mcu.externaltools.gnu-tools-for-stm32.10.3-2021.10.win32_1.0.0.202111181127/tools/bin/../lib/gcc/arm-none-eabi/10.3.1/../../../../arm-none-eabi/lib/thumb/v7e-m+fp/hard\libc_nano.a
LOAD d:/st/stm32cubeide_1.8.0/stm32cubeide/plugins/com.st.stm32cube.ide.mcu.externaltools.gnu-tools-for-stm32.10.3-2021.10.win32_1.0.0.202111181127/tools/bin/../lib/gcc/arm-none-eabi/10.3.1/../../../../arm-none-eabi/lib/thumb/v7e-m+fp/hard\libm.a
END GROUP
START GROUP
LOAD d:/st/stm32cubeide_1.8.0/stm32cubeide/plugins/com.st.stm32cube.ide.mcu.externaltools.gnu-tools-for-stm32.10.3-2021.10.win32_1.0.0.202111181127/tools/bin/../lib/gcc/arm-none-eabi/10.3.1/thumb/v7e-m+fp/hard\libgcc.a
LOAD d:/st/stm32cubeide_1.8.0/stm32cubeide/plugins/com.st.stm32cube.ide.mcu.externaltools.gnu-tools-for-stm32.10.3-2021.10.win32_1.0.0.202111181127/tools/bin/../lib/gcc/arm-none-eabi/10.3.1/../../../../arm-none-eabi/lib/thumb/v7e-m+fp/hard\libc_nano.a
END GROUP
START GROUP
LOAD d:/st/stm32cubeide_1.8.0/stm32cubeide/plugins/com.st.stm32cube.ide.mcu.externaltools.gnu-tools-for-stm32.10.3-2021.10.win32_1.0.0.202111181127/tools/bin/../lib/gcc/arm-none-eabi/10.3.1/thumb/v7e-m+fp/hard\libgcc.a
LOAD d:/st/stm32cubeide_1.8.0/stm32cubeide/plugins/com.st.stm32cube.ide.mcu.externaltools.gnu-tools-for-stm32.10.3-2021.10.win32_1.0.0.202111181127/tools/bin/../lib/gcc/arm-none-eabi/10.3.1/../../../../arm-none-eabi/lib/thumb/v7e-m+fp/hard\libc_nano.a
LOAD d:/st/stm32cubeide_1.8.0/stm32cubeide/plugins/com.st.stm32cube.ide.mcu.externaltools.gnu-tools-for-stm32.10.3-2021.10.win32_1.0.0.202111181127/tools/bin/../lib/gcc/arm-none-eabi/10.3.1/../../../../arm-none-eabi/lib/thumb/v7e-m+fp/hard\libnosys.a
END GROUP
START GROUP
LOAD d:/st/stm32cubeide_1.8.0/stm32cubeide/plugins/com.st.stm32cube.ide.mcu.externaltools.gnu-tools-for-stm32.10.3-2021.10.win32_1.0.0.202111181127/tools/bin/../lib/gcc/arm-none-eabi/10.3.1/thumb/v7e-m+fp/hard\libgcc.a
LOAD d:/st/stm32cubeide_1.8.0/stm32cubeide/plugins/com.st.stm32cube.ide.mcu.externaltools.gnu-tools-for-stm32.10.3-2021.10.win32_1.0.0.202111181127/tools/bin/../lib/gcc/arm-none-eabi/10.3.1/../../../../arm-none-eabi/lib/thumb/v7e-m+fp/hard\libc_nano.a
LOAD d:/st/stm32cubeide_1.8.0/stm32cubeide/plugins/com.st.stm32cube.ide.mcu.externaltools.gnu-tools-for-stm32.10.3-2021.10.win32_1.0.0.202111181127/tools/bin/../lib/gcc/arm-none-eabi/10.3.1/../../../../arm-none-eabi/lib/thumb/v7e-m+fp/hard\libnosys.a
END GROUP
LOAD d:/st/stm32cubeide_1.8.0/stm32cubeide/plugins/com.st.stm32cube.ide.mcu.externaltools.gnu-tools-for-stm32.10.3-2021.10.win32_1.0.0.202111181127/tools/bin/../lib/gcc/arm-none-eabi/10.3.1/thumb/v7e-m+fp/hard/crtend.o
LOAD d:/st/stm32cubeide_1.8.0/stm32cubeide/plugins/com.st.stm32cube.ide.mcu.externaltools.gnu-tools-for-stm32.10.3-2021.10.win32_1.0.0.202111181127/tools/bin/../lib/gcc/arm-none-eabi/10.3.1/thumb/v7e-m+fp/hard/crtn.o
                0x0000000020020000                _estack = (ORIGIN (RAM) + LENGTH (RAM))
                0x0000000000000200                _Min_Heap_Size = 0x200
                0x0000000000000400                _Min_Stack_Size = 0x400

.isr_vector     0x0000000008000000      0x188
                0x0000000008000000                . = ALIGN (0x4)
 *(.isr_vector)
 .isr_vector    0x0000000008000000      0x188 ./Core/Startup/startup_stm32f407vgtx.o
                0x0000000008000000                g_pfnVectors
                0x0000000008000188                . = ALIGN (0x4)

.text           0x0000000008000188     0xc098
                0x0000000008000188                . = ALIGN (0x4)
 *(.text)
 .text          0x0000000008000188       0x40 d:/st/stm32cubeide_1.8.0/stm32cubeide/plugins/com.st.stm32cube.ide.mcu.externaltools.gnu-tools-for-stm32.10.3-2021.10.win32_1.0.0.202111181127/tools/bin/../lib/gcc/arm-none-eabi/10.3.1/thumb/v7e-m+fp/hard/crtbegin.o
 .text          0x00000000080001c8      0x254 d:/st/stm32cubeide_1.8.0/stm32cubeide/plugins/com.st.stm32cube.ide.mcu.externaltools.gnu-tools-for-stm32.10.3-2021.10.win32_1.0.0.202111181127/tools/bin/../lib/gcc/arm-none-eabi/10.3.1/thumb/v7e-m+fp/hard\libgcc.a(_arm_muldf3.o)
                0x00000000080001c8                __muldf3
                0x00000000080001c8                __aeabi_dmul
 .text          0x000000000800041c      0x378 d:/st/stm32cubeide_1.8.0/stm32cubeide/plugins/com.st.stm32cube.ide.mcu.externaltools.gnu-tools-for-stm32.10.3-2021.10.win32_1.0.0.202111181127/tools/bin/../lib/gcc/arm-none-eabi/10.3.1/thumb/v7e-m+fp/hard\libgcc.a(_arm_addsubdf3.o)
                0x000000000800041c                __aeabi_drsub
                0x0000000008000424                __aeabi_dsub
                0x0000000008000424                __subdf3
                0x0000000008000428                __aeabi_dadd
                0x0000000008000428                __adddf3
                0x00000000080006a0                __floatunsidf
                0x00000000080006a0                __aeabi_ui2d
                0x00000000080006c0                __floatsidf
                0x00000000080006c0                __aeabi_i2d
                0x00000000080006e4                __aeabi_f2d
                0x00000000080006e4                __extendsfdf2
                0x0000000008000728                __floatundidf
                0x0000000008000728                __aeabi_ul2d
                0x0000000008000738                __floatdidf
                0x0000000008000738                __aeabi_l2d
 .text          0x0000000008000794      0x110 d:/st/stm32cubeide_1.8.0/stm32cubeide/plugins/com.st.stm32cube.ide.mcu.externaltools.gnu-tools-for-stm32.10.3-2021.10.win32_1.0.0.202111181127/tools/bin/../lib/gcc/arm-none-eabi/10.3.1/thumb/v7e-m+fp/hard\libgcc.a(_arm_cmpdf2.o)
                0x0000000008000794                __gtdf2
                0x0000000008000794                __gedf2
                0x000000000800079c                __ltdf2
                0x000000000800079c                __ledf2
                0x00000000080007a4                __nedf2
                0x00000000080007a4                __eqdf2
                0x00000000080007a4                __cmpdf2
                0x0000000008000820                __aeabi_cdrcmple
                0x0000000008000830                __aeabi_cdcmpeq
                0x0000000008000830                __aeabi_cdcmple
                0x0000000008000840                __aeabi_dcmpeq
                0x0000000008000854                __aeabi_dcmplt
                0x0000000008000868                __aeabi_dcmple
                0x000000000800087c                __aeabi_dcmpge
                0x0000000008000890                __aeabi_dcmpgt
 .text          0x00000000080008a4       0xa0 d:/st/stm32cubeide_1.8.0/stm32cubeide/plugins/com.st.stm32cube.ide.mcu.externaltools.gnu-tools-for-stm32.10.3-2021.10.win32_1.0.0.202111181127/tools/bin/../lib/gcc/arm-none-eabi/10.3.1/thumb/v7e-m+fp/hard\libgcc.a(_arm_truncdfsf2.o)
                0x00000000080008a4                __truncdfsf2
                0x00000000080008a4                __aeabi_d2f
 .text          0x0000000008000944       0x30 d:/st/stm32cubeide_1.8.0/stm32cubeide/plugins/com.st.stm32cube.ide.mcu.externaltools.gnu-tools-for-stm32.10.3-2021.10.win32_1.0.0.202111181127/tools/bin/../lib/gcc/arm-none-eabi/10.3.1/thumb/v7e-m+fp/hard\libgcc.a(_aeabi_uldivmod.o)
                0x0000000008000944                __aeabi_uldivmod
 .text          0x0000000008000974      0x2d0 d:/st/stm32cubeide_1.8.0/stm32cubeide/plugins/com.st.stm32cube.ide.mcu.externaltools.gnu-tools-for-stm32.10.3-2021.10.win32_1.0.0.202111181127/tools/bin/../lib/gcc/arm-none-eabi/10.3.1/thumb/v7e-m+fp/hard\libgcc.a(_udivmoddi4.o)
                0x0000000008000974                __udivmoddi4
 .text          0x0000000008000c44        0x4 d:/st/stm32cubeide_1.8.0/stm32cubeide/plugins/com.st.stm32cube.ide.mcu.externaltools.gnu-tools-for-stm32.10.3-2021.10.win32_1.0.0.202111181127/tools/bin/../lib/gcc/arm-none-eabi/10.3.1/thumb/v7e-m+fp/hard\libgcc.a(_dvmd_tls.o)
                0x0000000008000c44                __aeabi_idiv0
                0x0000000008000c44                __aeabi_ldiv0
 *(.text*)
 .text.i2c1_init
                0x0000000008000c48       0xe8 ./Core/Src/i2c.o
                0x0000000008000c48                i2c1_init
 .text.i2c1_start
                0x0000000008000d30       0x3c ./Core/Src/i2c.o
                0x0000000008000d30                i2c1_start
 .text.i2c1_write
                0x0000000008000d6c       0x30 ./Core/Src/i2c.o
                0x0000000008000d6c                i2c1_write
 .text.i2c1_write_adress
                0x0000000008000d9c       0x38 ./Core/Src/i2c.o
                0x0000000008000d9c                i2c1_write_adress
 .text.i2c1_read
                0x0000000008000dd4       0x30 ./Core/Src/i2c.o
                0x0000000008000dd4                i2c1_read
 .text.i2c1_stop
                0x0000000008000e04       0x2c ./Core/Src/i2c.o
                0x0000000008000e04                i2c1_stop
 .text.i2c_start
                0x0000000008000e30       0x6a ./Core/Src/i2c.o
                0x0000000008000e30                i2c_start
 *fill*         0x0000000008000e9a        0x2 
 .text.i2c_write_adress
                0x0000000008000e9c       0x58 ./Core/Src/i2c.o
                0x0000000008000e9c                i2c_write_adress
 .text.i2c_write_data
                0x0000000008000ef4       0x50 ./Core/Src/i2c.o
                0x0000000008000ef4                i2c_write_data
 .text.i2c_read_data
                0x0000000008000f44       0x48 ./Core/Src/i2c.o
                0x0000000008000f44                i2c_read_data
 .text.i2c_stop
                0x0000000008000f8c       0x2c ./Core/Src/i2c.o
                0x0000000008000f8c                i2c_stop
 .text.i2c_dis_ack
                0x0000000008000fb8       0x24 ./Core/Src/i2c.o
                0x0000000008000fb8                i2c_dis_ack
 .text.__NVIC_GetPriorityGrouping
                0x0000000008000fdc       0x1c ./Core/Src/main.o
 .text.__NVIC_EnableIRQ
                0x0000000008000ff8       0x3c ./Core/Src/main.o
 .text.__NVIC_SetPriority
                0x0000000008001034       0x54 ./Core/Src/main.o
 .text.NVIC_EncodePriority
                0x0000000008001088       0x66 ./Core/Src/main.o
 .text.LL_SPI_SetStandard
                0x00000000080010ee       0x26 ./Core/Src/main.o
 .text.LL_TIM_DisableARRPreload
                0x0000000008001114       0x20 ./Core/Src/main.o
 .text.LL_TIM_OC_DisableFast
                0x0000000008001134       0x8c ./Core/Src/main.o
 .text.LL_TIM_OC_EnablePreload
                0x00000000080011c0       0x88 ./Core/Src/main.o
 .text.LL_TIM_SetTriggerOutput
                0x0000000008001248       0x26 ./Core/Src/main.o
 .text.LL_TIM_DisableMasterSlaveMode
                0x000000000800126e       0x20 ./Core/Src/main.o
 .text.LL_USART_Enable
                0x000000000800128e       0x20 ./Core/Src/main.o
 .text.LL_USART_ConfigAsyncMode
                0x00000000080012ae       0x2c ./Core/Src/main.o
 .text.LL_USART_EnableIT_RXNE
                0x00000000080012da       0x46 ./Core/Src/main.o
 .text.LL_SYSCFG_SetEXTISource
                0x0000000008001320       0x5c ./Core/Src/main.o
 .text.LL_GPIO_SetPinMode
                0x000000000800137c       0x5e ./Core/Src/main.o
 .text.LL_GPIO_SetPinPull
                0x00000000080013da       0x5e ./Core/Src/main.o
 .text.LL_GPIO_SetOutputPin
                0x0000000008001438       0x1c ./Core/Src/main.o
 .text.LL_GPIO_ResetOutputPin
                0x0000000008001454       0x1e ./Core/Src/main.o
 *fill*         0x0000000008001472        0x2 
 .text.LL_AHB1_GRP1_EnableClock
                0x0000000008001474       0x30 ./Core/Src/main.o
 .text.LL_APB1_GRP1_EnableClock
                0x00000000080014a4       0x30 ./Core/Src/main.o
 .text.LL_APB2_GRP1_EnableClock
                0x00000000080014d4       0x30 ./Core/Src/main.o
 .text.main     0x0000000008001504      0x204 ./Core/Src/main.o
                0x0000000008001504                main
 .text.SystemClock_Config
                0x0000000008001708       0xd4 ./Core/Src/main.o
                0x0000000008001708                SystemClock_Config
 .text.MX_ADC1_Init
                0x00000000080017dc       0xa4 ./Core/Src/main.o
 .text.MX_CRC_Init
                0x0000000008001880       0x10 ./Core/Src/main.o
 .text.MX_I2C3_Init
                0x0000000008001890       0x5c ./Core/Src/main.o
 .text.MX_SPI1_Init
                0x00000000080018ec       0xb0 ./Core/Src/main.o
 .text.MX_SPI2_Init
                0x000000000800199c       0xa8 ./Core/Src/main.o
 .text.MX_TIM3_Init
                0x0000000008001a44       0xd4 ./Core/Src/main.o
 .text.MX_TIM4_Init
                0x0000000008001b18       0xf4 ./Core/Src/main.o
 .text.MX_UART4_Init
                0x0000000008001c0c       0xc4 ./Core/Src/main.o
 .text.MX_USART2_UART_Init
                0x0000000008001cd0       0xc8 ./Core/Src/main.o
 .text.MX_GPIO_Init
                0x0000000008001d98      0x134 ./Core/Src/main.o
 .text.Error_Handler
                0x0000000008001ecc        0xa ./Core/Src/main.o
                0x0000000008001ecc                Error_Handler
 *fill*         0x0000000008001ed6        0x2 
 .text.LCD_home_screen
                0x0000000008001ed8       0x8c ./Core/Src/screen.o
                0x0000000008001ed8                LCD_home_screen
 .text.LCD_Print_Time
                0x0000000008001f64      0x160 ./Core/Src/screen.o
                0x0000000008001f64                LCD_Print_Time
 .text.LCD_Print_Weekday
                0x00000000080020c4       0xb0 ./Core/Src/screen.o
                0x00000000080020c4                LCD_Print_Weekday
 .text.spi1_tx_8b
                0x0000000008002174       0x5c ./Core/Src/spi.o
                0x0000000008002174                spi1_tx_8b
 .text.spi1_rx_8b
                0x00000000080021d0       0x48 ./Core/Src/spi.o
                0x00000000080021d0                spi1_rx_8b
 .text.HAL_MspInit
                0x0000000008002218       0x50 ./Core/Src/stm32f4xx_hal_msp.o
                0x0000000008002218                HAL_MspInit
 .text.HAL_ADC_MspInit
                0x0000000008002268       0x88 ./Core/Src/stm32f4xx_hal_msp.o
                0x0000000008002268                HAL_ADC_MspInit
 .text.HAL_I2C_MspInit
                0x00000000080022f0       0xd4 ./Core/Src/stm32f4xx_hal_msp.o
                0x00000000080022f0                HAL_I2C_MspInit
 .text.LL_EXTI_IsActiveFlag_0_31
                0x00000000080023c4       0x2c ./Core/Src/stm32f4xx_it.o
 .text.LL_EXTI_ClearFlag_0_31
                0x00000000080023f0       0x20 ./Core/Src/stm32f4xx_it.o
 .text.NMI_Handler
                0x0000000008002410        0x6 ./Core/Src/stm32f4xx_it.o
                0x0000000008002410                NMI_Handler
 .text.HardFault_Handler
                0x0000000008002416        0x6 ./Core/Src/stm32f4xx_it.o
                0x0000000008002416                HardFault_Handler
 .text.MemManage_Handler
                0x000000000800241c        0x6 ./Core/Src/stm32f4xx_it.o
                0x000000000800241c                MemManage_Handler
 .text.BusFault_Handler
                0x0000000008002422        0x6 ./Core/Src/stm32f4xx_it.o
                0x0000000008002422                BusFault_Handler
 .text.UsageFault_Handler
                0x0000000008002428        0x6 ./Core/Src/stm32f4xx_it.o
                0x0000000008002428                UsageFault_Handler
 .text.SVC_Handler
                0x000000000800242e        0xe ./Core/Src/stm32f4xx_it.o
                0x000000000800242e                SVC_Handler
 .text.DebugMon_Handler
                0x000000000800243c        0xe ./Core/Src/stm32f4xx_it.o
                0x000000000800243c                DebugMon_Handler
 .text.PendSV_Handler
                0x000000000800244a        0xe ./Core/Src/stm32f4xx_it.o
                0x000000000800244a                PendSV_Handler
 .text.SysTick_Handler
                0x0000000008002458       0x2c ./Core/Src/stm32f4xx_it.o
                0x0000000008002458                SysTick_Handler
 .text.EXTI0_IRQHandler
                0x0000000008002484       0x1a ./Core/Src/stm32f4xx_it.o
                0x0000000008002484                EXTI0_IRQHandler
 .text.USART2_IRQHandler
                0x000000000800249e        0xe ./Core/Src/stm32f4xx_it.o
                0x000000000800249e                USART2_IRQHandler
 .text.UART4_IRQHandler
                0x00000000080024ac        0xe ./Core/Src/stm32f4xx_it.o
                0x00000000080024ac                UART4_IRQHandler
 *fill*         0x00000000080024ba        0x2 
 .text.SystemInit
                0x00000000080024bc       0x24 ./Core/Src/system_stm32f4xx.o
                0x00000000080024bc                SystemInit
 .text.Reset_Handler
                0x00000000080024e0       0x50 ./Core/Startup/startup_stm32f407vgtx.o
                0x00000000080024e0                Reset_Handler
 .text.Default_Handler
                0x0000000008002530        0x2 ./Core/Startup/startup_stm32f407vgtx.o
                0x0000000008002530                RTC_Alarm_IRQHandler
                0x0000000008002530                HASH_RNG_IRQHandler
                0x0000000008002530                EXTI2_IRQHandler
                0x0000000008002530                TIM8_CC_IRQHandler
                0x0000000008002530                TIM1_CC_IRQHandler
                0x0000000008002530                DMA2_Stream5_IRQHandler
                0x0000000008002530                DMA1_Stream5_IRQHandler
                0x0000000008002530                PVD_IRQHandler
                0x0000000008002530                SDIO_IRQHandler
                0x0000000008002530                TAMP_STAMP_IRQHandler
                0x0000000008002530                CAN2_RX1_IRQHandler
                0x0000000008002530                EXTI3_IRQHandler
                0x0000000008002530                TIM8_TRG_COM_TIM14_IRQHandler
                0x0000000008002530                TIM1_UP_TIM10_IRQHandler
                0x0000000008002530                TIM8_UP_TIM13_IRQHandler
                0x0000000008002530                I2C3_ER_IRQHandler
                0x0000000008002530                I2C2_EV_IRQHandler
                0x0000000008002530                DMA1_Stream2_IRQHandler
                0x0000000008002530                CAN1_RX0_IRQHandler
                0x0000000008002530                FPU_IRQHandler
                0x0000000008002530                OTG_HS_WKUP_IRQHandler
                0x0000000008002530                CAN2_SCE_IRQHandler
                0x0000000008002530                DMA2_Stream2_IRQHandler
                0x0000000008002530                SPI1_IRQHandler
                0x0000000008002530                TIM6_DAC_IRQHandler
                0x0000000008002530                TIM1_BRK_TIM9_IRQHandler
                0x0000000008002530                DCMI_IRQHandler
                0x0000000008002530                CAN2_RX0_IRQHandler
                0x0000000008002530                DMA2_Stream3_IRQHandler
                0x0000000008002530                USART6_IRQHandler
                0x0000000008002530                USART3_IRQHandler
                0x0000000008002530                CAN1_RX1_IRQHandler
                0x0000000008002530                UART5_IRQHandler
                0x0000000008002530                DMA2_Stream0_IRQHandler
                0x0000000008002530                TIM4_IRQHandler
                0x0000000008002530                I2C1_EV_IRQHandler
                0x0000000008002530                DMA1_Stream6_IRQHandler
                0x0000000008002530                DMA1_Stream1_IRQHandler
                0x0000000008002530                TIM3_IRQHandler
                0x0000000008002530                RCC_IRQHandler
                0x0000000008002530                TIM8_BRK_TIM12_IRQHandler
                0x0000000008002530                Default_Handler
                0x0000000008002530                EXTI15_10_IRQHandler
                0x0000000008002530                ADC_IRQHandler
                0x0000000008002530                DMA1_Stream7_IRQHandler
                0x0000000008002530                TIM7_IRQHandler
                0x0000000008002530                CAN2_TX_IRQHandler
                0x0000000008002530                TIM5_IRQHandler
                0x0000000008002530                DMA2_Stream7_IRQHandler
                0x0000000008002530                I2C3_EV_IRQHandler
                0x0000000008002530                EXTI9_5_IRQHandler
                0x0000000008002530                RTC_WKUP_IRQHandler
                0x0000000008002530                ETH_WKUP_IRQHandler
                0x0000000008002530                SPI2_IRQHandler
                0x0000000008002530                OTG_HS_EP1_IN_IRQHandler
                0x0000000008002530                DMA1_Stream0_IRQHandler
                0x0000000008002530                CAN1_TX_IRQHandler
                0x0000000008002530                EXTI4_IRQHandler
                0x0000000008002530                FSMC_IRQHandler
                0x0000000008002530                ETH_IRQHandler
                0x0000000008002530                OTG_HS_EP1_OUT_IRQHandler
                0x0000000008002530                WWDG_IRQHandler
                0x0000000008002530                TIM2_IRQHandler
                0x0000000008002530                OTG_FS_WKUP_IRQHandler
                0x0000000008002530                TIM1_TRG_COM_TIM11_IRQHandler
                0x0000000008002530                OTG_HS_IRQHandler
                0x0000000008002530                EXTI1_IRQHandler
                0x0000000008002530                I2C2_ER_IRQHandler
                0x0000000008002530                DMA2_Stream1_IRQHandler
                0x0000000008002530                CAN1_SCE_IRQHandler
                0x0000000008002530                FLASH_IRQHandler
                0x0000000008002530                DMA2_Stream4_IRQHandler
                0x0000000008002530                USART1_IRQHandler
                0x0000000008002530                OTG_FS_IRQHandler
                0x0000000008002530                SPI3_IRQHandler
                0x0000000008002530                DMA1_Stream4_IRQHandler
                0x0000000008002530                I2C1_ER_IRQHandler
                0x0000000008002530                DMA2_Stream6_IRQHandler
                0x0000000008002530                DMA1_Stream3_IRQHandler
 .text.DS_I2C_start
                0x0000000008002532        0xc ./Drivers/DS3231/ds3231.o
                0x0000000008002532                DS_I2C_start
 .text.DS_I2C_stop
                0x000000000800253e        0xc ./Drivers/DS3231/ds3231.o
                0x000000000800253e                DS_I2C_stop
 .text.DS_I2C_write
                0x000000000800254a       0x1a ./Drivers/DS3231/ds3231.o
                0x000000000800254a                DS_I2C_write
 .text.DS_I2C_read
                0x0000000008002564       0x18 ./Drivers/DS3231/ds3231.o
                0x0000000008002564                DS_I2C_read
 .text.DS_I2C_write_add
                0x000000000800257c       0x1a ./Drivers/DS3231/ds3231.o
                0x000000000800257c                DS_I2C_write_add
 .text.DS3231_Read
                0x0000000008002596       0x3c ./Drivers/DS3231/ds3231.o
                0x0000000008002596                DS3231_Read
 .text.DS3231_Write
                0x00000000080025d2       0x36 ./Drivers/DS3231/ds3231.o
                0x00000000080025d2                DS3231_Write
 .text.DS3231_Get_Sec
                0x0000000008002608       0x26 ./Drivers/DS3231/ds3231.o
                0x0000000008002608                DS3231_Get_Sec
 .text.DS3231_Get_Min
                0x000000000800262e       0x26 ./Drivers/DS3231/ds3231.o
                0x000000000800262e                DS3231_Get_Min
 .text.DS3231_Get_Hours
                0x0000000008002654       0x26 ./Drivers/DS3231/ds3231.o
                0x0000000008002654                DS3231_Get_Hours
 .text.DS3231_Get_Week
                0x000000000800267a       0x1e ./Drivers/DS3231/ds3231.o
                0x000000000800267a                DS3231_Get_Week
 .text.DS3231_Set_Hours
                0x0000000008002698       0x24 ./Drivers/DS3231/ds3231.o
                0x0000000008002698                DS3231_Set_Hours
 .text.DS3231_Set_Min
                0x00000000080026bc       0x24 ./Drivers/DS3231/ds3231.o
                0x00000000080026bc                DS3231_Set_Min
 .text.B2D      0x00000000080026e0       0x32 ./Drivers/DS3231/ds3231.o
 *fill*         0x0000000008002712        0x2 
 .text.D2B      0x0000000008002714       0x48 ./Drivers/DS3231/ds3231.o
 .text.GUI_X_Config
                0x000000000800275c       0x20 ./Drivers/EmWin/src/GUIConf.o
                0x000000000800275c                GUI_X_Config
 .text.GUI_X_Init
                0x000000000800277c        0xe ./Drivers/EmWin/src/GUI_X.o
                0x000000000800277c                GUI_X_Init
 .text.LcdWriteReg
                0x000000000800278a       0x1a ./Drivers/EmWin/src/LCDConf_FlexColor.o
 .text.LcdWriteData
                0x00000000080027a4       0x1a ./Drivers/EmWin/src/LCDConf_FlexColor.o
 .text.LcdWriteDataMultiple
                0x00000000080027be       0x30 ./Drivers/EmWin/src/LCDConf_FlexColor.o
 .text.LcdReadDataMultiple
                0x00000000080027ee       0x24 ./Drivers/EmWin/src/LCDConf_FlexColor.o
 *fill*         0x0000000008002812        0x2 
 .text.LCD_X_Config
                0x0000000008002814       0x9c ./Drivers/EmWin/src/LCDConf_FlexColor.o
                0x0000000008002814                LCD_X_Config
 .text.LCD_X_DisplayDriver
                0x00000000080028b0       0x2a ./Drivers/EmWin/src/LCDConf_FlexColor.o
                0x00000000080028b0                LCD_X_DisplayDriver
 *fill*         0x00000000080028da        0x2 
 .text.ILI9341_SPI_Init
                0x00000000080028dc       0x3c ./Drivers/ILI9341/src/ILI9341.o
                0x00000000080028dc                ILI9341_SPI_Init
 .text.ILI9341_SPI_Send
                0x0000000008002918       0x44 ./Drivers/ILI9341/src/ILI9341.o
                0x0000000008002918                ILI9341_SPI_Send
 .text.ILI9341_Write_Command
                0x000000000800295c       0x44 ./Drivers/ILI9341/src/ILI9341.o
                0x000000000800295c                ILI9341_Write_Command
 .text.ILI9341_Write_Data
                0x00000000080029a0       0x44 ./Drivers/ILI9341/src/ILI9341.o
                0x00000000080029a0                ILI9341_Write_Data
 .text.ILI9341_Set_Address
                0x00000000080029e4       0xf0 ./Drivers/ILI9341/src/ILI9341.o
                0x00000000080029e4                ILI9341_Set_Address
 .text.ILI9341_Reset
                0x0000000008002ad4       0x3c ./Drivers/ILI9341/src/ILI9341.o
                0x0000000008002ad4                ILI9341_Reset
 .text.ILI9341_Set_Rotation
                0x0000000008002b10       0xa4 ./Drivers/ILI9341/src/ILI9341.o
                0x0000000008002b10                ILI9341_Set_Rotation
 .text.ILI9341_Enable
                0x0000000008002bb4       0x20 ./Drivers/ILI9341/src/ILI9341.o
                0x0000000008002bb4                ILI9341_Enable
 .text.ILI9341_Init
                0x0000000008002bd4      0x24c ./Drivers/ILI9341/src/ILI9341.o
                0x0000000008002bd4                ILI9341_Init
 .text.ILI9341_Draw_Colour_Burst
                0x0000000008002e20      0x158 ./Drivers/ILI9341/src/ILI9341.o
                0x0000000008002e20                ILI9341_Draw_Colour_Burst
 .text.ILI9341_Fill_Screen
                0x0000000008002f78       0x4c ./Drivers/ILI9341/src/ILI9341.o
                0x0000000008002f78                ILI9341_Fill_Screen
 .text.ILI9341_Draw_Pixel
                0x0000000008002fc4      0x160 ./Drivers/ILI9341/src/ILI9341.o
                0x0000000008002fc4                ILI9341_Draw_Pixel
 .text.ILI9341_Draw_Rectangle
                0x0000000008003124       0xb8 ./Drivers/ILI9341/src/ILI9341.o
                0x0000000008003124                ILI9341_Draw_Rectangle
 .text.ILI9341_Draw_Horizontal_Line
                0x00000000080031dc       0x88 ./Drivers/ILI9341/src/ILI9341.o
                0x00000000080031dc                ILI9341_Draw_Horizontal_Line
 .text.ILI9341_Draw_Vertical_Line
                0x0000000008003264       0x88 ./Drivers/ILI9341/src/ILI9341.o
                0x0000000008003264                ILI9341_Draw_Vertical_Line
 .text.ILI9341_Draw_Hollow_Rectangle_Coord
                0x00000000080032ec      0x102 ./Drivers/ILI9341/src/ILI9341_GFX.o
                0x00000000080032ec                ILI9341_Draw_Hollow_Rectangle_Coord
 *fill*         0x00000000080033ee        0x2 
 .text.ILI9341_Draw_Char
                0x00000000080033f0      0x128 ./Drivers/ILI9341/src/ILI9341_GFX.o
                0x00000000080033f0                ILI9341_Draw_Char
 .text.ILI9341_Draw_Text
                0x0000000008003518       0x5c ./Drivers/ILI9341/src/ILI9341_GFX.o
                0x0000000008003518                ILI9341_Draw_Text
 .text.lis_tx_8b
                0x0000000008003574       0x1a ./Drivers/LIS3DS/lis3dsh.o
                0x0000000008003574                lis_tx_8b
 .text.lis_rx_8b
                0x000000000800358e       0x18 ./Drivers/LIS3DS/lis3dsh.o
                0x000000000800358e                lis_rx_8b
 *fill*         0x00000000080035a6        0x2 
 .text.LIS3DSH_Read
                0x00000000080035a8       0x4c ./Drivers/LIS3DS/lis3dsh.o
                0x00000000080035a8                LIS3DSH_Read
 .text.LIS3DSH_Write
                0x00000000080035f4       0x48 ./Drivers/LIS3DS/lis3dsh.o
                0x00000000080035f4                LIS3DSH_Write
 .text.LIS3DSH_Init
                0x000000000800363c       0x48 ./Drivers/LIS3DS/lis3dsh.o
                0x000000000800363c                LIS3DSH_Init
 .text.LIS3DSH_Measure
                0x0000000008003684       0xc4 ./Drivers/LIS3DS/lis3dsh.o
                0x0000000008003684                LIS3DSH_Measure
 .text.SHT20_SoftReset
                0x0000000008003748       0x4c ./Drivers/SHT20/sht20.o
                0x0000000008003748                SHT20_SoftReset
 .text.SHT20_ReadUserRegister
                0x0000000008003794       0x64 ./Drivers/SHT20/sht20.o
                0x0000000008003794                SHT20_ReadUserRegister
 .text.SHT20_GetTemp
                0x00000000080037f8      0x10c ./Drivers/SHT20/sht20.o
                0x00000000080037f8                SHT20_GetTemp
 *fill*         0x0000000008003904        0x4 
 .text.SHT20_GetHum
                0x0000000008003908       0xfc ./Drivers/SHT20/sht20.o
                0x0000000008003908                SHT20_GetHum
 .text.HAL_Init
                0x0000000008003a04       0x44 ./Drivers/STM32F4xx_HAL_Driver/Src/stm32f4xx_hal.o
                0x0000000008003a04                HAL_Init
 .text.HAL_InitTick
                0x0000000008003a48       0x60 ./Drivers/STM32F4xx_HAL_Driver/Src/stm32f4xx_hal.o
                0x0000000008003a48                HAL_InitTick
 .text.HAL_IncTick
                0x0000000008003aa8       0x28 ./Drivers/STM32F4xx_HAL_Driver/Src/stm32f4xx_hal.o
                0x0000000008003aa8                HAL_IncTick
 .text.HAL_GetTick
                0x0000000008003ad0       0x18 ./Drivers/STM32F4xx_HAL_Driver/Src/stm32f4xx_hal.o
                0x0000000008003ad0                HAL_GetTick
 .text.HAL_Delay
                0x0000000008003ae8       0x48 ./Drivers/STM32F4xx_HAL_Driver/Src/stm32f4xx_hal.o
                0x0000000008003ae8                HAL_Delay
 .text.HAL_ADC_Init
                0x0000000008003b30       0x86 ./Drivers/STM32F4xx_HAL_Driver/Src/stm32f4xx_hal_adc.o
                0x0000000008003b30                HAL_ADC_Init
 *fill*         0x0000000008003bb6        0x2 
 .text.HAL_ADC_ConfigChannel
                0x0000000008003bb8      0x244 ./Drivers/STM32F4xx_HAL_Driver/Src/stm32f4xx_hal_adc.o
                0x0000000008003bb8                HAL_ADC_ConfigChannel
 .text.ADC_Init
                0x0000000008003dfc      0x1f8 ./Drivers/STM32F4xx_HAL_Driver/Src/stm32f4xx_hal_adc.o
 .text.__NVIC_SetPriorityGrouping
                0x0000000008003ff4       0x48 ./Drivers/STM32F4xx_HAL_Driver/Src/stm32f4xx_hal_cortex.o
 .text.__NVIC_GetPriorityGrouping
                0x000000000800403c       0x1c ./Drivers/STM32F4xx_HAL_Driver/Src/stm32f4xx_hal_cortex.o
 .text.__NVIC_SetPriority
                0x0000000008004058       0x54 ./Drivers/STM32F4xx_HAL_Driver/Src/stm32f4xx_hal_cortex.o
 .text.NVIC_EncodePriority
                0x00000000080040ac       0x66 ./Drivers/STM32F4xx_HAL_Driver/Src/stm32f4xx_hal_cortex.o
 *fill*         0x0000000008004112        0x2 
 .text.SysTick_Config
                0x0000000008004114       0x44 ./Drivers/STM32F4xx_HAL_Driver/Src/stm32f4xx_hal_cortex.o
 .text.HAL_NVIC_SetPriorityGrouping
                0x0000000008004158       0x16 ./Drivers/STM32F4xx_HAL_Driver/Src/stm32f4xx_hal_cortex.o
                0x0000000008004158                HAL_NVIC_SetPriorityGrouping
 .text.HAL_NVIC_SetPriority
                0x000000000800416e       0x38 ./Drivers/STM32F4xx_HAL_Driver/Src/stm32f4xx_hal_cortex.o
                0x000000000800416e                HAL_NVIC_SetPriority
 .text.HAL_SYSTICK_Config
                0x00000000080041a6       0x18 ./Drivers/STM32F4xx_HAL_Driver/Src/stm32f4xx_hal_cortex.o
                0x00000000080041a6                HAL_SYSTICK_Config
 *fill*         0x00000000080041be        0x2 
 .text.HAL_GPIO_Init
                0x00000000080041c0      0x338 ./Drivers/STM32F4xx_HAL_Driver/Src/stm32f4xx_hal_gpio.o
                0x00000000080041c0                HAL_GPIO_Init
 .text.HAL_I2C_Init
                0x00000000080044f8      0x288 ./Drivers/STM32F4xx_HAL_Driver/Src/stm32f4xx_hal_i2c.o
                0x00000000080044f8                HAL_I2C_Init
 .text.HAL_RCC_OscConfig
                0x0000000008004780      0x4f0 ./Drivers/STM32F4xx_HAL_Driver/Src/stm32f4xx_hal_rcc.o
                0x0000000008004780                HAL_RCC_OscConfig
 .text.HAL_RCC_ClockConfig
                0x0000000008004c70      0x1cc ./Drivers/STM32F4xx_HAL_Driver/Src/stm32f4xx_hal_rcc.o
                0x0000000008004c70                HAL_RCC_ClockConfig
 .text.HAL_RCC_GetSysClockFreq
                0x0000000008004e3c      0x20c ./Drivers/STM32F4xx_HAL_Driver/Src/stm32f4xx_hal_rcc.o
                0x0000000008004e3c                HAL_RCC_GetSysClockFreq
 .text.HAL_RCC_GetHCLKFreq
                0x0000000008005048       0x18 ./Drivers/STM32F4xx_HAL_Driver/Src/stm32f4xx_hal_rcc.o
                0x0000000008005048                HAL_RCC_GetHCLKFreq
 .text.HAL_RCC_GetPCLK1Freq
                0x0000000008005060       0x28 ./Drivers/STM32F4xx_HAL_Driver/Src/stm32f4xx_hal_rcc.o
                0x0000000008005060                HAL_RCC_GetPCLK1Freq
 .text.LL_EXTI_EnableIT_0_31
                0x0000000008005088       0x24 ./Drivers/STM32F4xx_HAL_Driver/Src/stm32f4xx_ll_exti.o
 .text.LL_EXTI_DisableIT_0_31
                0x00000000080050ac       0x28 ./Drivers/STM32F4xx_HAL_Driver/Src/stm32f4xx_ll_exti.o
 .text.LL_EXTI_EnableEvent_0_31
                0x00000000080050d4       0x24 ./Drivers/STM32F4xx_HAL_Driver/Src/stm32f4xx_ll_exti.o
 .text.LL_EXTI_DisableEvent_0_31
                0x00000000080050f8       0x28 ./Drivers/STM32F4xx_HAL_Driver/Src/stm32f4xx_ll_exti.o
 .text.LL_EXTI_EnableRisingTrig_0_31
                0x0000000008005120       0x24 ./Drivers/STM32F4xx_HAL_Driver/Src/stm32f4xx_ll_exti.o
 .text.LL_EXTI_DisableRisingTrig_0_31
                0x0000000008005144       0x28 ./Drivers/STM32F4xx_HAL_Driver/Src/stm32f4xx_ll_exti.o
 .text.LL_EXTI_EnableFallingTrig_0_31
                0x000000000800516c       0x24 ./Drivers/STM32F4xx_HAL_Driver/Src/stm32f4xx_ll_exti.o
 .text.LL_EXTI_DisableFallingTrig_0_31
                0x0000000008005190       0x28 ./Drivers/STM32F4xx_HAL_Driver/Src/stm32f4xx_ll_exti.o
 .text.LL_EXTI_Init
                0x00000000080051b8      0x102 ./Drivers/STM32F4xx_HAL_Driver/Src/stm32f4xx_ll_exti.o
                0x00000000080051b8                LL_EXTI_Init
 .text.LL_GPIO_SetPinMode
                0x00000000080052ba       0x5e ./Drivers/STM32F4xx_HAL_Driver/Src/stm32f4xx_ll_gpio.o
 .text.LL_GPIO_SetPinOutputType
                0x0000000008005318       0x30 ./Drivers/STM32F4xx_HAL_Driver/Src/stm32f4xx_ll_gpio.o
 .text.LL_GPIO_SetPinSpeed
                0x0000000008005348       0x5e ./Drivers/STM32F4xx_HAL_Driver/Src/stm32f4xx_ll_gpio.o
 .text.LL_GPIO_SetPinPull
                0x00000000080053a6       0x5e ./Drivers/STM32F4xx_HAL_Driver/Src/stm32f4xx_ll_gpio.o
 .text.LL_GPIO_SetAFPin_0_7
                0x0000000008005404       0x5e ./Drivers/STM32F4xx_HAL_Driver/Src/stm32f4xx_ll_gpio.o
 .text.LL_GPIO_SetAFPin_8_15
                0x0000000008005462       0x62 ./Drivers/STM32F4xx_HAL_Driver/Src/stm32f4xx_ll_gpio.o
 .text.LL_GPIO_Init
                0x00000000080054c4       0xe6 ./Drivers/STM32F4xx_HAL_Driver/Src/stm32f4xx_ll_gpio.o
                0x00000000080054c4                LL_GPIO_Init
 *fill*         0x00000000080055aa        0x2 
 .text.LL_RCC_GetSysClkSource
                0x00000000080055ac       0x1c ./Drivers/STM32F4xx_HAL_Driver/Src/stm32f4xx_ll_rcc.o
 .text.LL_RCC_GetAHBPrescaler
                0x00000000080055c8       0x1c ./Drivers/STM32F4xx_HAL_Driver/Src/stm32f4xx_ll_rcc.o
 .text.LL_RCC_GetAPB1Prescaler
                0x00000000080055e4       0x1c ./Drivers/STM32F4xx_HAL_Driver/Src/stm32f4xx_ll_rcc.o
 .text.LL_RCC_GetAPB2Prescaler
                0x0000000008005600       0x1c ./Drivers/STM32F4xx_HAL_Driver/Src/stm32f4xx_ll_rcc.o
 .text.LL_RCC_PLL_GetMainSource
                0x000000000800561c       0x1c ./Drivers/STM32F4xx_HAL_Driver/Src/stm32f4xx_ll_rcc.o
 .text.LL_RCC_PLL_GetN
                0x0000000008005638       0x1c ./Drivers/STM32F4xx_HAL_Driver/Src/stm32f4xx_ll_rcc.o
 .text.LL_RCC_PLL_GetP
                0x0000000008005654       0x1c ./Drivers/STM32F4xx_HAL_Driver/Src/stm32f4xx_ll_rcc.o
 .text.LL_RCC_PLL_GetDivider
                0x0000000008005670       0x1c ./Drivers/STM32F4xx_HAL_Driver/Src/stm32f4xx_ll_rcc.o
 .text.LL_RCC_GetSystemClocksFreq
                0x000000000800568c       0x4a ./Drivers/STM32F4xx_HAL_Driver/Src/stm32f4xx_ll_rcc.o
                0x000000000800568c                LL_RCC_GetSystemClocksFreq
 *fill*         0x00000000080056d6        0x2 
 .text.RCC_GetSystemClockFreq
                0x00000000080056d8       0x50 ./Drivers/STM32F4xx_HAL_Driver/Src/stm32f4xx_ll_rcc.o
                0x00000000080056d8                RCC_GetSystemClockFreq
 .text.RCC_GetHCLKClockFreq
                0x0000000008005728       0x2c ./Drivers/STM32F4xx_HAL_Driver/Src/stm32f4xx_ll_rcc.o
                0x0000000008005728                RCC_GetHCLKClockFreq
 .text.RCC_GetPCLK1ClockFreq
                0x0000000008005754       0x28 ./Drivers/STM32F4xx_HAL_Driver/Src/stm32f4xx_ll_rcc.o
                0x0000000008005754                RCC_GetPCLK1ClockFreq
 .text.RCC_GetPCLK2ClockFreq
                0x000000000800577c       0x28 ./Drivers/STM32F4xx_HAL_Driver/Src/stm32f4xx_ll_rcc.o
                0x000000000800577c                RCC_GetPCLK2ClockFreq
 .text.RCC_PLL_GetFreqDomain_SYS
                0x00000000080057a4       0x7c ./Drivers/STM32F4xx_HAL_Driver/Src/stm32f4xx_ll_rcc.o
                0x00000000080057a4                RCC_PLL_GetFreqDomain_SYS
 .text.LL_SPI_IsEnabled
                0x0000000008005820       0x26 ./Drivers/STM32F4xx_HAL_Driver/Src/stm32f4xx_ll_spi.o
 .text.LL_SPI_SetCRCPolynomial
                0x0000000008005846       0x20 ./Drivers/STM32F4xx_HAL_Driver/Src/stm32f4xx_ll_spi.o
 .text.LL_SPI_Init
                0x0000000008005866       0xa4 ./Drivers/STM32F4xx_HAL_Driver/Src/stm32f4xx_ll_spi.o
                0x0000000008005866                LL_SPI_Init
 .text.LL_TIM_SetPrescaler
                0x000000000800590a       0x1c ./Drivers/STM32F4xx_HAL_Driver/Src/stm32f4xx_ll_tim.o
 .text.LL_TIM_SetAutoReload
                0x0000000008005926       0x1c ./Drivers/STM32F4xx_HAL_Driver/Src/stm32f4xx_ll_tim.o
 .text.LL_TIM_SetRepetitionCounter
                0x0000000008005942       0x1c ./Drivers/STM32F4xx_HAL_Driver/Src/stm32f4xx_ll_tim.o
 .text.LL_TIM_OC_SetCompareCH1
                0x000000000800595e       0x1c ./Drivers/STM32F4xx_HAL_Driver/Src/stm32f4xx_ll_tim.o
 .text.LL_TIM_OC_SetCompareCH2
                0x000000000800597a       0x1c ./Drivers/STM32F4xx_HAL_Driver/Src/stm32f4xx_ll_tim.o
 .text.LL_TIM_OC_SetCompareCH3
                0x0000000008005996       0x1c ./Drivers/STM32F4xx_HAL_Driver/Src/stm32f4xx_ll_tim.o
 .text.LL_TIM_OC_SetCompareCH4
                0x00000000080059b2       0x1c ./Drivers/STM32F4xx_HAL_Driver/Src/stm32f4xx_ll_tim.o
 .text.LL_TIM_GenerateEvent_UPDATE
                0x00000000080059ce       0x20 ./Drivers/STM32F4xx_HAL_Driver/Src/stm32f4xx_ll_tim.o
 *fill*         0x00000000080059ee        0x2 
 .text.LL_TIM_Init
                0x00000000080059f0      0x134 ./Drivers/STM32F4xx_HAL_Driver/Src/stm32f4xx_ll_tim.o
                0x00000000080059f0                LL_TIM_Init
 .text.LL_TIM_OC_Init
                0x0000000008005b24       0x82 ./Drivers/STM32F4xx_HAL_Driver/Src/stm32f4xx_ll_tim.o
                0x0000000008005b24                LL_TIM_OC_Init
 *fill*         0x0000000008005ba6        0x2 
 .text.OC1Config
                0x0000000008005ba8       0xd8 ./Drivers/STM32F4xx_HAL_Driver/Src/stm32f4xx_ll_tim.o
 .text.OC2Config
                0x0000000008005c80       0xe0 ./Drivers/STM32F4xx_HAL_Driver/Src/stm32f4xx_ll_tim.o
 .text.OC3Config
                0x0000000008005d60       0xe0 ./Drivers/STM32F4xx_HAL_Driver/Src/stm32f4xx_ll_tim.o
 .text.OC4Config
                0x0000000008005e40       0xb0 ./Drivers/STM32F4xx_HAL_Driver/Src/stm32f4xx_ll_tim.o
 .text.LL_USART_IsEnabled
                0x0000000008005ef0       0x28 ./Drivers/STM32F4xx_HAL_Driver/Src/stm32f4xx_ll_usart.o
 .text.LL_USART_SetStopBitsLength
                0x0000000008005f18       0x26 ./Drivers/STM32F4xx_HAL_Driver/Src/stm32f4xx_ll_usart.o
 .text.LL_USART_SetHWFlowCtrl
                0x0000000008005f3e       0x26 ./Drivers/STM32F4xx_HAL_Driver/Src/stm32f4xx_ll_usart.o
 .text.LL_USART_SetBaudRate
                0x0000000008005f64      0x458 ./Drivers/STM32F4xx_HAL_Driver/Src/stm32f4xx_ll_usart.o
 .text.LL_USART_Init
                0x00000000080063bc      0x100 ./Drivers/STM32F4xx_HAL_Driver/Src/stm32f4xx_ll_usart.o
                0x00000000080063bc                LL_USART_Init
 .text.LCD_Index2Color_565
                0x00000000080064bc       0x28 D:/cubeide_workspace/EmbSchool/Drivers/EmWin/STemWin_CM4_wc32.a(GUICC_565.o)
                0x00000000080064bc                LCD_Index2Color_565
 .text._Color2Index_565
                0x00000000080064e4       0x28 D:/cubeide_workspace/EmbSchool/Drivers/EmWin/STemWin_CM4_wc32.a(GUICC_565.o)
 .text._GetIndexMask_565
                0x000000000800650c        0x6 D:/cubeide_workspace/EmbSchool/Drivers/EmWin/STemWin_CM4_wc32.a(GUICC_565.o)
 *fill*         0x0000000008006512        0x2 
 .text._Color2IndexBulk
                0x0000000008006514       0x3c D:/cubeide_workspace/EmbSchool/Drivers/EmWin/STemWin_CM4_wc32.a(GUICC_565.o)
 .text._Index2ColorBulk
                0x0000000008006550       0x48 D:/cubeide_workspace/EmbSchool/Drivers/EmWin/STemWin_CM4_wc32.a(GUICC_565.o)
 .text._PushFreeBlock
                0x0000000008006598       0x24 D:/cubeide_workspace/EmbSchool/Drivers/EmWin/STemWin_CM4_wc32.a(GUI_Alloc.o)
 .text._RemoveFreeBlock
                0x00000000080065bc       0x40 D:/cubeide_workspace/EmbSchool/Drivers/EmWin/STemWin_CM4_wc32.a(GUI_Alloc.o)
 .text._AddFreeMemory
                0x00000000080065fc       0xa4 D:/cubeide_workspace/EmbSchool/Drivers/EmWin/STemWin_CM4_wc32.a(GUI_Alloc.o)
 .text._RemoveHoles
                0x00000000080066a0       0x9c D:/cubeide_workspace/EmbSchool/Drivers/EmWin/STemWin_CM4_wc32.a(GUI_Alloc.o)
 .text.GUI_ALLOC_FreeFixedBlock
                0x000000000800673c       0x14 D:/cubeide_workspace/EmbSchool/Drivers/EmWin/STemWin_CM4_wc32.a(GUI_Alloc.o)
                0x000000000800673c                GUI_ALLOC_FreeFixedBlock
 .text.GUI_ALLOC_h2p
                0x0000000008006750       0x14 D:/cubeide_workspace/EmbSchool/Drivers/EmWin/STemWin_CM4_wc32.a(GUI_Alloc.o)
                0x0000000008006750                GUI_ALLOC_h2p
 .text.GUI_ALLOC_LockH
                0x0000000008006764       0x1c D:/cubeide_workspace/EmbSchool/Drivers/EmWin/STemWin_CM4_wc32.a(GUI_Alloc.o)
                0x0000000008006764                GUI_ALLOC_LockH
 .text.GUI_ALLOC_UnlockH
                0x0000000008006780       0x30 D:/cubeide_workspace/EmbSchool/Drivers/EmWin/STemWin_CM4_wc32.a(GUI_Alloc.o)
                0x0000000008006780                GUI_ALLOC_UnlockH
 .text.GUI_ALLOC_AssignMemory
                0x00000000080067b0       0x10 D:/cubeide_workspace/EmbSchool/Drivers/EmWin/STemWin_CM4_wc32.a(GUI_Alloc.o)
                0x00000000080067b0                GUI_ALLOC_AssignMemory
 .text.GUI_ALLOC_Free
                0x00000000080067c0       0x28 D:/cubeide_workspace/EmbSchool/Drivers/EmWin/STemWin_CM4_wc32.a(GUI_Alloc.o)
                0x00000000080067c0                GUI_ALLOC_Free
 .text._EnlargeBlocks
                0x00000000080067e8       0x9c D:/cubeide_workspace/EmbSchool/Drivers/EmWin/STemWin_CM4_wc32.a(GUI_Alloc.o)
 .text._InitOnce
                0x0000000008006884       0x68 D:/cubeide_workspace/EmbSchool/Drivers/EmWin/STemWin_CM4_wc32.a(GUI_Alloc.o)
 .text.GUI_ALLOC_GetFixedBlock
                0x00000000080068ec       0xa4 D:/cubeide_workspace/EmbSchool/Drivers/EmWin/STemWin_CM4_wc32.a(GUI_Alloc.o)
                0x00000000080068ec                GUI_ALLOC_GetFixedBlock
 .text._Alloc   0x0000000008006990       0xf0 D:/cubeide_workspace/EmbSchool/Drivers/EmWin/STemWin_CM4_wc32.a(GUI_Alloc.o)
 .text.GUI_ALLOC_AllocNoInit
                0x0000000008006a80        0x8 D:/cubeide_workspace/EmbSchool/Drivers/EmWin/STemWin_CM4_wc32.a(GUI_Alloc.o)
                0x0000000008006a80                GUI_ALLOC_AllocNoInit
 .text.GUI_ALLOC_AllocZero
                0x0000000008006a88       0x30 D:/cubeide_workspace/EmbSchool/Drivers/EmWin/STemWin_CM4_wc32.a(GUI_Alloc.o)
                0x0000000008006a88                GUI_ALLOC_AllocZero
 .text.GUI__GetFontSizeY
                0x0000000008006ab8       0x14 D:/cubeide_workspace/EmbSchool/Drivers/EmWin/STemWin_CM4_wc32.a(GUI_Common.o)
                0x0000000008006ab8                GUI__GetFontSizeY
 .text.GUI_Long2Len
                0x0000000008006acc       0x30 D:/cubeide_workspace/EmbSchool/Drivers/EmWin/STemWin_CM4_wc32.a(GUI_Common.o)
                0x0000000008006acc                GUI_Long2Len
 .text.GUI_AddSign
                0x0000000008006afc       0x16 D:/cubeide_workspace/EmbSchool/Drivers/EmWin/STemWin_CM4_wc32.a(GUI_Common.o)
                0x0000000008006afc                GUI_AddSign
 *fill*         0x0000000008006b12        0x2 
 .text.GUI_AddDecShift
                0x0000000008006b14       0xa4 D:/cubeide_workspace/EmbSchool/Drivers/EmWin/STemWin_CM4_wc32.a(GUI_Common.o)
                0x0000000008006b14                GUI_AddDecShift
 .text.GUI_CalcColorDist
                0x0000000008006bb8       0x4a D:/cubeide_workspace/EmbSchool/Drivers/EmWin/STemWin_CM4_wc32.a(GUI_Common.o)
                0x0000000008006bb8                GUI_CalcColorDist
 .text.GUI_GetBkColor
                0x0000000008006c02        0xe D:/cubeide_workspace/EmbSchool/Drivers/EmWin/STemWin_CM4_wc32.a(GUI_Common.o)
                0x0000000008006c02                GUI_GetBkColor
 .text.GUI_GetColor
                0x0000000008006c10        0xe D:/cubeide_workspace/EmbSchool/Drivers/EmWin/STemWin_CM4_wc32.a(GUI_Common.o)
                0x0000000008006c10                GUI_GetColor
 .text.GUI_GetFontSizeY
                0x0000000008006c1e        0x4 D:/cubeide_workspace/EmbSchool/Drivers/EmWin/STemWin_CM4_wc32.a(GUI_Common.o)
                0x0000000008006c1e                GUI_GetFontSizeY
 *fill*         0x0000000008006c22        0x2 
 .text.GUI_GetVersionString
                0x0000000008006c24       0x18 D:/cubeide_workspace/EmbSchool/Drivers/EmWin/STemWin_CM4_wc32.a(GUI_Common.o)
                0x0000000008006c24                GUI_GetVersionString
 .text.GUI_MergeRect
                0x0000000008006c3c       0x56 D:/cubeide_workspace/EmbSchool/Drivers/EmWin/STemWin_CM4_wc32.a(GUI_Common.o)
                0x0000000008006c3c                GUI_MergeRect
 .text.GUI_MoveRect
                0x0000000008006c92       0x20 D:/cubeide_workspace/EmbSchool/Drivers/EmWin/STemWin_CM4_wc32.a(GUI_Common.o)
                0x0000000008006c92                GUI_MoveRect
 *fill*         0x0000000008006cb2        0x2 
 .text.GUI_GotoXY
                0x0000000008006cb4       0x10 D:/cubeide_workspace/EmbSchool/Drivers/EmWin/STemWin_CM4_wc32.a(GUI_Common.o)
                0x0000000008006cb4                GUI_GotoXY
 .text.GUI_RectsIntersect
                0x0000000008006cc4       0x3a D:/cubeide_workspace/EmbSchool/Drivers/EmWin/STemWin_CM4_wc32.a(GUI_Common.o)
                0x0000000008006cc4                GUI_RectsIntersect
 *fill*         0x0000000008006cfe        0x2 
 .text.GUI_GetScreenSizeX
                0x0000000008006d00       0x18 D:/cubeide_workspace/EmbSchool/Drivers/EmWin/STemWin_CM4_wc32.a(GUI_Common.o)
                0x0000000008006d00                GUI_GetScreenSizeX
 .text.GUI_GetScreenSizeY
                0x0000000008006d18       0x18 D:/cubeide_workspace/EmbSchool/Drivers/EmWin/STemWin_CM4_wc32.a(GUI_Common.o)
                0x0000000008006d18                GUI_GetScreenSizeY
 .text.GUI_SelectLCD
                0x0000000008006d30       0x12 D:/cubeide_workspace/EmbSchool/Drivers/EmWin/STemWin_CM4_wc32.a(GUI_Common.o)
                0x0000000008006d30                GUI_SelectLCD
 .text.GUI_SetBkColor
                0x0000000008006d42        0x4 D:/cubeide_workspace/EmbSchool/Drivers/EmWin/STemWin_CM4_wc32.a(GUI_Common.o)
                0x0000000008006d42                GUI_SetBkColor
 .text.GUI_SetColor
                0x0000000008006d46        0x4 D:/cubeide_workspace/EmbSchool/Drivers/EmWin/STemWin_CM4_wc32.a(GUI_Common.o)
                0x0000000008006d46                GUI_SetColor
 *fill*         0x0000000008006d4a        0x2 
 .text.GUI_SetFont
                0x0000000008006d4c       0x14 D:/cubeide_workspace/EmbSchool/Drivers/EmWin/STemWin_CM4_wc32.a(GUI_Common.o)
                0x0000000008006d4c                GUI_SetFont
 .text.GUI_SetOrg
                0x0000000008006d60       0x38 D:/cubeide_workspace/EmbSchool/Drivers/EmWin/STemWin_CM4_wc32.a(GUI_Common.o)
                0x0000000008006d60                GUI_SetOrg
 .text.GUI_SetTextAlign
                0x0000000008006d98       0x14 D:/cubeide_workspace/EmbSchool/Drivers/EmWin/STemWin_CM4_wc32.a(GUI_Common.o)
                0x0000000008006d98                GUI_SetTextAlign
 .text._InitContext
                0x0000000008006dac       0x84 D:/cubeide_workspace/EmbSchool/Drivers/EmWin/STemWin_CM4_wc32.a(GUI_Core.o)
 .text._OnExit  0x0000000008006e30       0x48 D:/cubeide_workspace/EmbSchool/Drivers/EmWin/STemWin_CM4_wc32.a(GUI_Core.o)
 .text.GUI_SetDefaultFont
                0x0000000008006e78        0xc D:/cubeide_workspace/EmbSchool/Drivers/EmWin/STemWin_CM4_wc32.a(GUI_Core.o)
                0x0000000008006e78                GUI_SetDefaultFont
 .text.GUI_ClearRect
                0x0000000008006e84       0x64 D:/cubeide_workspace/EmbSchool/Drivers/EmWin/STemWin_CM4_wc32.a(GUI_Core.o)
                0x0000000008006e84                GUI_ClearRect
 .text.GUI_Clear
                0x0000000008006ee8       0x20 D:/cubeide_workspace/EmbSchool/Drivers/EmWin/STemWin_CM4_wc32.a(GUI_Core.o)
                0x0000000008006ee8                GUI_Clear
 .text.GUI__Config
                0x0000000008006f08       0x94 D:/cubeide_workspace/EmbSchool/Drivers/EmWin/STemWin_CM4_wc32.a(GUI_Core.o)
                0x0000000008006f08                GUI__Config
 .text.GUI_Init
                0x0000000008006f9c       0xf8 D:/cubeide_workspace/EmbSchool/Drivers/EmWin/STemWin_CM4_wc32.a(GUI_Core.o)
                0x0000000008006f9c                GUI_Init
 .text.GUI__RegisterExit
                0x0000000008007094       0x28 D:/cubeide_workspace/EmbSchool/Drivers/EmWin/STemWin_CM4_wc32.a(GUI_Core.o)
                0x0000000008007094                GUI__RegisterExit
 .text.GUI_DEVICE__GetpDriver
                0x00000000080070bc       0x20 D:/cubeide_workspace/EmbSchool/Drivers/EmWin/STemWin_CM4_wc32.a(GUI_Device.o)
                0x00000000080070bc                GUI_DEVICE__GetpDriver
 .text.GUI_DEVICE_Delete
                0x00000000080070dc        0x4 D:/cubeide_workspace/EmbSchool/Drivers/EmWin/STemWin_CM4_wc32.a(GUI_Device.o)
                0x00000000080070dc                GUI_DEVICE_Delete
 .text.GUI_DEVICE_Create
                0x00000000080070e0       0x4c D:/cubeide_workspace/EmbSchool/Drivers/EmWin/STemWin_CM4_wc32.a(GUI_Device.o)
                0x00000000080070e0                GUI_DEVICE_Create
 .text.GUI_DEVICE_Unlink
                0x000000000800712c       0x30 D:/cubeide_workspace/EmbSchool/Drivers/EmWin/STemWin_CM4_wc32.a(GUI_Device.o)
                0x000000000800712c                GUI_DEVICE_Unlink
 .text.GUI_DEVICE_Link
                0x000000000800715c       0x84 D:/cubeide_workspace/EmbSchool/Drivers/EmWin/STemWin_CM4_wc32.a(GUI_Device.o)
                0x000000000800715c                GUI_DEVICE_Link
 .text.GUI_DEVICE_CreateAndLink
                0x00000000080071e0       0x28 D:/cubeide_workspace/EmbSchool/Drivers/EmWin/STemWin_CM4_wc32.a(GUI_Device.o)
                0x00000000080071e0                GUI_DEVICE_CreateAndLink
 .text.CL_DispChar
                0x0000000008007208       0x8c D:/cubeide_workspace/EmbSchool/Drivers/EmWin/STemWin_CM4_wc32.a(GUI_DispChar.o)
 .text.GUI_DispCharAt
                0x0000000008007294       0x10 D:/cubeide_workspace/EmbSchool/Drivers/EmWin/STemWin_CM4_wc32.a(GUI_DispChar.o)
                0x0000000008007294                GUI_DispCharAt
 .text.GUI_DispString
                0x00000000080072a4      0x118 D:/cubeide_workspace/EmbSchool/Drivers/EmWin/STemWin_CM4_wc32.a(GUI_DispString.o)
                0x00000000080072a4                GUI_DispString
 .text.GUI_DispStringAt
                0x00000000080073bc       0x10 D:/cubeide_workspace/EmbSchool/Drivers/EmWin/STemWin_CM4_wc32.a(GUI_DispString.o)
                0x00000000080073bc                GUI_DispStringAt
 .text.GUI_DispStringHCenterAt
                0x00000000080073cc       0x34 D:/cubeide_workspace/EmbSchool/Drivers/EmWin/STemWin_CM4_wc32.a(GUI_DispString.o)
                0x00000000080073cc                GUI_DispStringHCenterAt
 .text._DrawGradient
                0x0000000008007400      0x194 D:/cubeide_workspace/EmbSchool/Drivers/EmWin/STemWin_CM4_wc32.a(GUI_DrawGradient.o)
 .text.GUI_DrawGradientH
                0x0000000008007594       0x64 D:/cubeide_workspace/EmbSchool/Drivers/EmWin/STemWin_CM4_wc32.a(GUI_DrawGradient.o)
                0x0000000008007594                GUI_DrawGradientH
 .text.GUI_StoreKey
                0x00000000080075f8       0x10 D:/cubeide_workspace/EmbSchool/Drivers/EmWin/STemWin_CM4_wc32.a(GUI_OnKey.o)
                0x00000000080075f8                GUI_StoreKey
 .text.GUI_UC__GetCharCodeInc
                0x0000000008007608       0x28 D:/cubeide_workspace/EmbSchool/Drivers/EmWin/STemWin_CM4_wc32.a(GUI_UC.o)
                0x0000000008007608                GUI_UC__GetCharCodeInc
 .text.GUI_UC__NumChars2NumBytes
                0x0000000008007630       0x24 D:/cubeide_workspace/EmbSchool/Drivers/EmWin/STemWin_CM4_wc32.a(GUI_UC.o)
                0x0000000008007630                GUI_UC__NumChars2NumBytes
 .text._GetCharCode
                0x0000000008007654        0x4 D:/cubeide_workspace/EmbSchool/Drivers/EmWin/STemWin_CM4_wc32.a(GUI_UC_EncodeNone.o)
 .text._GetCharSize
                0x0000000008007658        0x4 D:/cubeide_workspace/EmbSchool/Drivers/EmWin/STemWin_CM4_wc32.a(GUI_UC_EncodeNone.o)
 .text._CalcSizeOfChar
                0x000000000800765c        0x4 D:/cubeide_workspace/EmbSchool/Drivers/EmWin/STemWin_CM4_wc32.a(GUI_UC_EncodeNone.o)
 .text._Encode  0x0000000008007660        0x6 D:/cubeide_workspace/EmbSchool/Drivers/EmWin/STemWin_CM4_wc32.a(GUI_UC_EncodeNone.o)
 .text._RoundHalfUp
                0x0000000008007666       0x48 D:/cubeide_workspace/EmbSchool/Drivers/EmWin/STemWin_CM4_wc32.a(GUI_Valf.o)
 *fill*         0x00000000080076ae        0x2 
 .text._DispFloatFix
                0x00000000080076b0       0x4c D:/cubeide_workspace/EmbSchool/Drivers/EmWin/STemWin_CM4_wc32.a(GUI_Valf.o)
 .text.GUI_DispFloat
                0x00000000080076fc       0x52 D:/cubeide_workspace/EmbSchool/Drivers/EmWin/STemWin_CM4_wc32.a(GUI_Valf.o)
                0x00000000080076fc                GUI_DispFloat
 *fill*         0x000000000800774e        0x2 
 .text.GUI_SignalEvent
                0x0000000008007750       0x10 D:/cubeide_workspace/EmbSchool/Drivers/EmWin/STemWin_CM4_wc32.a(GUI_WaitEvent.o)
                0x0000000008007750                GUI_SignalEvent
 .text.GUI__IntersectRect
                0x0000000008007760       0x3a D:/cubeide_workspace/EmbSchool/Drivers/EmWin/STemWin_CM4_wc32.a(GUI__Private.o)
                0x0000000008007760                GUI__IntersectRect
 .text.GUI__IntersectRects
                0x000000000800779a       0x56 D:/cubeide_workspace/EmbSchool/Drivers/EmWin/STemWin_CM4_wc32.a(GUI__Private.o)
                0x000000000800779a                GUI__IntersectRects
 .text.GUI__memset16
                0x00000000080077f0       0x64 D:/cubeide_workspace/EmbSchool/Drivers/EmWin/STemWin_CM4_wc32.a(GUI__Private.o)
                0x00000000080077f0                GUI__memset16
 .text._SetDrawMode
                0x0000000008007854       0x28 D:/cubeide_workspace/EmbSchool/Drivers/EmWin/STemWin_CM4_wc32.a(LCD.o)
 .text.LCD_SetDrawMode
                0x000000000800787c        0xc D:/cubeide_workspace/EmbSchool/Drivers/EmWin/STemWin_CM4_wc32.a(LCD.o)
                0x000000000800787c                LCD_SetDrawMode
 .text.LCD_DrawPixel
                0x0000000008007888       0x60 D:/cubeide_workspace/EmbSchool/Drivers/EmWin/STemWin_CM4_wc32.a(LCD.o)
                0x0000000008007888                LCD_DrawPixel
 .text.LCD_DrawHLine
                0x00000000080078e8       0x50 D:/cubeide_workspace/EmbSchool/Drivers/EmWin/STemWin_CM4_wc32.a(LCD.o)
                0x00000000080078e8                LCD_DrawHLine
 .text.LCD_DrawVLine
                0x0000000008007938       0x54 D:/cubeide_workspace/EmbSchool/Drivers/EmWin/STemWin_CM4_wc32.a(LCD.o)
                0x0000000008007938                LCD_DrawVLine
 .text.LCD_FillRect
                0x000000000800798c       0x58 D:/cubeide_workspace/EmbSchool/Drivers/EmWin/STemWin_CM4_wc32.a(LCD.o)
                0x000000000800798c                LCD_FillRect
 .text.LCD__DrawBitmap_1bpp
                0x00000000080079e4      0x1d8 D:/cubeide_workspace/EmbSchool/Drivers/EmWin/STemWin_CM4_wc32.a(LCD.o)
                0x00000000080079e4                LCD__DrawBitmap_1bpp
 .text.LCD_DrawBitmap
                0x0000000008007bbc      0x224 D:/cubeide_workspace/EmbSchool/Drivers/EmWin/STemWin_CM4_wc32.a(LCD.o)
                0x0000000008007bbc                LCD_DrawBitmap
 .text.LCD_SetClipRectMax
                0x0000000008007de0       0x1c D:/cubeide_workspace/EmbSchool/Drivers/EmWin/STemWin_CM4_wc32.a(LCD.o)
                0x0000000008007de0                LCD_SetClipRectMax
 .text.emWin_LCD_Init
                0x0000000008007dfc       0xa4 D:/cubeide_workspace/EmbSchool/Drivers/EmWin/STemWin_CM4_wc32.a(LCD.o)
                0x0000000008007dfc                emWin_LCD_Init
 .text.LCD_Color2Index
                0x0000000008007ea0       0x1c D:/cubeide_workspace/EmbSchool/Drivers/EmWin/STemWin_CM4_wc32.a(LCD.o)
                0x0000000008007ea0                LCD_Color2Index
 .text.LCD_Index2Color
                0x0000000008007ebc       0x1c D:/cubeide_workspace/EmbSchool/Drivers/EmWin/STemWin_CM4_wc32.a(LCD.o)
                0x0000000008007ebc                LCD_Index2Color
 .text.LCD_SetColorIndex
                0x0000000008007ed8       0x18 D:/cubeide_workspace/EmbSchool/Drivers/EmWin/STemWin_CM4_wc32.a(LCD.o)
                0x0000000008007ed8                LCD_SetColorIndex
 .text._SetColor
                0x0000000008007ef0       0x20 D:/cubeide_workspace/EmbSchool/Drivers/EmWin/STemWin_CM4_wc32.a(LCD.o)
 .text.LCD_SetBkColorIndex
                0x0000000008007f10       0x18 D:/cubeide_workspace/EmbSchool/Drivers/EmWin/STemWin_CM4_wc32.a(LCD.o)
                0x0000000008007f10                LCD_SetBkColorIndex
 .text._SetBkColor
                0x0000000008007f28       0x20 D:/cubeide_workspace/EmbSchool/Drivers/EmWin/STemWin_CM4_wc32.a(LCD.o)
 .text.LCD_SetBkColor
                0x0000000008007f48        0xc D:/cubeide_workspace/EmbSchool/Drivers/EmWin/STemWin_CM4_wc32.a(LCD.o)
                0x0000000008007f48                LCD_SetBkColor
 .text.LCD_SetColor
                0x0000000008007f54        0xc D:/cubeide_workspace/EmbSchool/Drivers/EmWin/STemWin_CM4_wc32.a(LCD.o)
                0x0000000008007f54                LCD_SetColor
 .text._OnExit  0x0000000008007f60       0x1c D:/cubeide_workspace/EmbSchool/Drivers/EmWin/STemWin_CM4_wc32.a(LCD_Color.o)
 .text.LCD_InitColors
                0x0000000008007f7c       0x3c D:/cubeide_workspace/EmbSchool/Drivers/EmWin/STemWin_CM4_wc32.a(LCD_Color.o)
                0x0000000008007f7c                LCD_InitColors
 .text.LCD_GetpPalConvTableUncached
                0x0000000008007fb8       0x6c D:/cubeide_workspace/EmbSchool/Drivers/EmWin/STemWin_CM4_wc32.a(LCD_Color.o)
                0x0000000008007fb8                LCD_GetpPalConvTableUncached
 .text.LCD_GetpPalConvTableBM
                0x0000000008008024        0x4 D:/cubeide_workspace/EmbSchool/Drivers/EmWin/STemWin_CM4_wc32.a(LCD_Color.o)
                0x0000000008008024                LCD_GetpPalConvTableBM
 .text.LCD_InitLUT
                0x0000000008008028       0x88 D:/cubeide_workspace/EmbSchool/Drivers/EmWin/STemWin_CM4_wc32.a(LCD_Color.o)
                0x0000000008008028                LCD_InitLUT
 .text.LCD_GetBkColorIndex
                0x00000000080080b0       0x10 D:/cubeide_workspace/EmbSchool/Drivers/EmWin/STemWin_CM4_wc32.a(LCD_GetColorIndex.o)
                0x00000000080080b0                LCD_GetBkColorIndex
 .text.LCD_GetColorIndex
                0x00000000080080c0       0x10 D:/cubeide_workspace/EmbSchool/Drivers/EmWin/STemWin_CM4_wc32.a(LCD_GetColorIndex.o)
                0x00000000080080c0                LCD_GetColorIndex
 .text._GetDevProp
                0x00000000080080d0       0x1e D:/cubeide_workspace/EmbSchool/Drivers/EmWin/STemWin_CM4_wc32.a(LCD_GetEx.o)
 .text._GetMaxValue
                0x00000000080080ee       0x22 D:/cubeide_workspace/EmbSchool/Drivers/EmWin/STemWin_CM4_wc32.a(LCD_GetEx.o)
 .text.LCD_GetXSizeEx
                0x0000000008008110        0x6 D:/cubeide_workspace/EmbSchool/Drivers/EmWin/STemWin_CM4_wc32.a(LCD_GetEx.o)
                0x0000000008008110                LCD_GetXSizeEx
 .text.LCD_GetYSizeEx
                0x0000000008008116        0x6 D:/cubeide_workspace/EmbSchool/Drivers/EmWin/STemWin_CM4_wc32.a(LCD_GetEx.o)
                0x0000000008008116                LCD_GetYSizeEx
 .text.LCD_GetBitsPerPixelEx
                0x000000000800811c        0x6 D:/cubeide_workspace/EmbSchool/Drivers/EmWin/STemWin_CM4_wc32.a(LCD_GetEx.o)
                0x000000000800811c                LCD_GetBitsPerPixelEx
 .text.LCD_GetNumColorsEx
                0x0000000008008122        0x6 D:/cubeide_workspace/EmbSchool/Drivers/EmWin/STemWin_CM4_wc32.a(LCD_GetEx.o)
                0x0000000008008122                LCD_GetNumColorsEx
 .text.LCD_GetXSize
                0x0000000008008128       0x10 D:/cubeide_workspace/EmbSchool/Drivers/EmWin/STemWin_CM4_wc32.a(LCD_GetEx.o)
                0x0000000008008128                LCD_GetXSize
 .text.LCD_GetYSize
                0x0000000008008138       0x10 D:/cubeide_workspace/EmbSchool/Drivers/EmWin/STemWin_CM4_wc32.a(LCD_GetEx.o)
                0x0000000008008138                LCD_GetYSize
 .text.LCD_GetNumColors
                0x0000000008008148       0x10 D:/cubeide_workspace/EmbSchool/Drivers/EmWin/STemWin_CM4_wc32.a(LCD_GetEx.o)
                0x0000000008008148                LCD_GetNumColors
 .text.GUI_GetBitsPerPixelEx
                0x0000000008008158       0x14 D:/cubeide_workspace/EmbSchool/Drivers/EmWin/STemWin_CM4_wc32.a(LCD_GetEx.o)
                0x0000000008008158                GUI_GetBitsPerPixelEx
 .text.LCD_GetPaletteEx
                0x000000000800816c       0x16 D:/cubeide_workspace/EmbSchool/Drivers/EmWin/STemWin_CM4_wc32.a(LCD_GetEx.o)
                0x000000000800816c                LCD_GetPaletteEx
 *fill*         0x0000000008008182        0x2 
 .text.LCD_GetPalette
                0x0000000008008184       0x10 D:/cubeide_workspace/EmbSchool/Drivers/EmWin/STemWin_CM4_wc32.a(LCD_GetEx.o)
                0x0000000008008184                LCD_GetPalette
 .text.GUI_GetpfIndex2ColorEx
                0x0000000008008194       0x10 D:/cubeide_workspace/EmbSchool/Drivers/EmWin/STemWin_CM4_wc32.a(LCD_GetEx.o)
                0x0000000008008194                GUI_GetpfIndex2ColorEx
 .text.GUI_GetpfColor2IndexEx
                0x00000000080081a4       0x10 D:/cubeide_workspace/EmbSchool/Drivers/EmWin/STemWin_CM4_wc32.a(LCD_GetEx.o)
                0x00000000080081a4                GUI_GetpfColor2IndexEx
 .text.LCD_GetXSizeMax
                0x00000000080081b4        0x6 D:/cubeide_workspace/EmbSchool/Drivers/EmWin/STemWin_CM4_wc32.a(LCD_GetEx.o)
                0x00000000080081b4                LCD_GetXSizeMax
 .text.LCD_GetYSizeMax
                0x00000000080081ba        0x6 D:/cubeide_workspace/EmbSchool/Drivers/EmWin/STemWin_CM4_wc32.a(LCD_GetEx.o)
                0x00000000080081ba                LCD_GetYSizeMax
 .text.LCD_SetDisplaySize
                0x00000000080081c0        0xc D:/cubeide_workspace/EmbSchool/Drivers/EmWin/STemWin_CM4_wc32.a(LCD_GetEx.o)
                0x00000000080081c0                LCD_SetDisplaySize
 .text.LCD_GetXSizeDisplay
                0x00000000080081cc        0xc D:/cubeide_workspace/EmbSchool/Drivers/EmWin/STemWin_CM4_wc32.a(LCD_GetEx.o)
                0x00000000080081cc                LCD_GetXSizeDisplay
 .text.LCD_GetYSizeDisplay
                0x00000000080081d8        0xc D:/cubeide_workspace/EmbSchool/Drivers/EmWin/STemWin_CM4_wc32.a(LCD_GetEx.o)
                0x00000000080081d8                LCD_GetYSizeDisplay
 .text.LCD__GetBPP
                0x00000000080081e4       0x7e D:/cubeide_workspace/EmbSchool/Drivers/EmWin/STemWin_CM4_wc32.a(LCD_GetEx.o)
                0x00000000080081e4                LCD__GetBPP
 .text.LCD__GetBPPDevice
                0x0000000008008262       0x2c D:/cubeide_workspace/EmbSchool/Drivers/EmWin/STemWin_CM4_wc32.a(LCD_GetEx.o)
                0x0000000008008262                LCD__GetBPPDevice
 .text.LCD_GetNumLayers
                0x000000000800828e       0x1e D:/cubeide_workspace/EmbSchool/Drivers/EmWin/STemWin_CM4_wc32.a(LCD_GetNumDisplays.o)
                0x000000000800828e                LCD_GetNumLayers
 .text.LCD_SelectLCD
                0x00000000080082ac       0x40 D:/cubeide_workspace/EmbSchool/Drivers/EmWin/STemWin_CM4_wc32.a(LCD_SelectLCD.o)
                0x00000000080082ac                LCD_SelectLCD
 .text.LCD_SetLUTEntryEx
                0x00000000080082ec       0x30 D:/cubeide_workspace/EmbSchool/Drivers/EmWin/STemWin_CM4_wc32.a(LCD_Set.o)
                0x00000000080082ec                LCD_SetLUTEntryEx
 .text.LCD_SetSizeEx
                0x000000000800831c       0x30 D:/cubeide_workspace/EmbSchool/Drivers/EmWin/STemWin_CM4_wc32.a(LCD_Set.o)
                0x000000000800831c                LCD_SetSizeEx
 .text.LCD_SetVSizeEx
                0x000000000800834c       0x30 D:/cubeide_workspace/EmbSchool/Drivers/EmWin/STemWin_CM4_wc32.a(LCD_Set.o)
                0x000000000800834c                LCD_SetVSizeEx
 .text.LCD_UpdateColorIndices
                0x000000000800837c       0x24 D:/cubeide_workspace/EmbSchool/Drivers/EmWin/STemWin_CM4_wc32.a(LCD_UpdateColorIndices.o)
                0x000000000800837c                LCD_UpdateColorIndices
 .text._Log2PhysY_X1Y0S0
                0x00000000080083a0        0x4 D:/cubeide_workspace/EmbSchool/Drivers/EmWin/STemWin_CM4_wc32.a(GUIDRV_FlexColor.o)
 .text._Log2PhysY_X1Y1S0
                0x00000000080083a4        0x8 D:/cubeide_workspace/EmbSchool/Drivers/EmWin/STemWin_CM4_wc32.a(GUIDRV_FlexColor.o)
 .text._Log2PhysY_X1Y0S1
                0x00000000080083ac        0x4 D:/cubeide_workspace/EmbSchool/Drivers/EmWin/STemWin_CM4_wc32.a(GUIDRV_FlexColor.o)
 .text._Log2PhysY_X1Y1S1
                0x00000000080083b0        0x8 D:/cubeide_workspace/EmbSchool/Drivers/EmWin/STemWin_CM4_wc32.a(GUIDRV_FlexColor.o)
 .text._SetPixelIndex
                0x00000000080083b8       0x10 D:/cubeide_workspace/EmbSchool/Drivers/EmWin/STemWin_CM4_wc32.a(GUIDRV_FlexColor.o)
 .text._GetPixelIndex
                0x00000000080083c8        0x8 D:/cubeide_workspace/EmbSchool/Drivers/EmWin/STemWin_CM4_wc32.a(GUIDRV_FlexColor.o)
 .text._XorPixel
                0x00000000080083d0       0x24 D:/cubeide_workspace/EmbSchool/Drivers/EmWin/STemWin_CM4_wc32.a(GUIDRV_FlexColor.o)
 .text._DrawHLine
                0x00000000080083f4       0x10 D:/cubeide_workspace/EmbSchool/Drivers/EmWin/STemWin_CM4_wc32.a(GUIDRV_FlexColor.o)
 .text._DrawVLine
                0x0000000008008404       0x12 D:/cubeide_workspace/EmbSchool/Drivers/EmWin/STemWin_CM4_wc32.a(GUIDRV_FlexColor.o)
 .text._FillRect
                0x0000000008008416       0x10 D:/cubeide_workspace/EmbSchool/Drivers/EmWin/STemWin_CM4_wc32.a(GUIDRV_FlexColor.o)
 .text._DrawBitmap
                0x0000000008008426        0xe D:/cubeide_workspace/EmbSchool/Drivers/EmWin/STemWin_CM4_wc32.a(GUIDRV_FlexColor.o)
 .text._GetDevFunc_SetRect
                0x0000000008008434        0x2 D:/cubeide_workspace/EmbSchool/Drivers/EmWin/STemWin_CM4_wc32.a(GUIDRV_FlexColor.o)
 *fill*         0x0000000008008436        0x2 
 .text._GetDevFunc_SetRectOutside
                0x0000000008008438       0x40 D:/cubeide_workspace/EmbSchool/Drivers/EmWin/STemWin_CM4_wc32.a(GUIDRV_FlexColor.o)
 .text._ReadPixelCust_16bpp
                0x0000000008008478        0xa D:/cubeide_workspace/EmbSchool/Drivers/EmWin/STemWin_CM4_wc32.a(GUIDRV_FlexColor.o)
 .text._ReadPixelCust_18bpp
                0x0000000008008482        0xa D:/cubeide_workspace/EmbSchool/Drivers/EmWin/STemWin_CM4_wc32.a(GUIDRV_FlexColor.o)
 .text._ReadRectCust_16bpp
                0x000000000800848c       0x3a D:/cubeide_workspace/EmbSchool/Drivers/EmWin/STemWin_CM4_wc32.a(GUIDRV_FlexColor.o)
 .text._ReadRectCust_18bpp
                0x00000000080084c6       0x3a D:/cubeide_workspace/EmbSchool/Drivers/EmWin/STemWin_CM4_wc32.a(GUIDRV_FlexColor.o)
 .text._GetDevFunc
                0x0000000008008500       0x7c D:/cubeide_workspace/EmbSchool/Drivers/EmWin/STemWin_CM4_wc32.a(GUIDRV_FlexColor.o)
 .text._GetDevProp
                0x000000000800857c       0x5a D:/cubeide_workspace/EmbSchool/Drivers/EmWin/STemWin_CM4_wc32.a(GUIDRV_FlexColor.o)
 .text._GetDevData
                0x00000000080085d6        0xc D:/cubeide_workspace/EmbSchool/Drivers/EmWin/STemWin_CM4_wc32.a(GUIDRV_FlexColor.o)
 .text._GetRect
                0x00000000080085e2       0x16 D:/cubeide_workspace/EmbSchool/Drivers/EmWin/STemWin_CM4_wc32.a(GUIDRV_FlexColor.o)
 .text.GUIDRV_FlexColor__SetLog2Phys
                0x00000000080085f8       0x48 D:/cubeide_workspace/EmbSchool/Drivers/EmWin/STemWin_CM4_wc32.a(GUIDRV_FlexColor.o)
                0x00000000080085f8                GUIDRV_FlexColor__SetLog2Phys
 .text._SetOrg  0x0000000008008640       0x16 D:/cubeide_workspace/EmbSchool/Drivers/EmWin/STemWin_CM4_wc32.a(GUIDRV_FlexColor.o)
 .text._Log2PhysY_X0Y0S1
                0x0000000008008656        0x4 D:/cubeide_workspace/EmbSchool/Drivers/EmWin/STemWin_CM4_wc32.a(GUIDRV_FlexColor.o)
 .text._Log2PhysX_X0Y0S0
                0x000000000800865a        0x4 D:/cubeide_workspace/EmbSchool/Drivers/EmWin/STemWin_CM4_wc32.a(GUIDRV_FlexColor.o)
 .text._Log2PhysX_X0Y1S0
                0x000000000800865e        0x4 D:/cubeide_workspace/EmbSchool/Drivers/EmWin/STemWin_CM4_wc32.a(GUIDRV_FlexColor.o)
 .text._Log2PhysX_X0Y0S1
                0x0000000008008662        0x4 D:/cubeide_workspace/EmbSchool/Drivers/EmWin/STemWin_CM4_wc32.a(GUIDRV_FlexColor.o)
 .text._Log2PhysX_X0Y1S1
                0x0000000008008666        0x4 D:/cubeide_workspace/EmbSchool/Drivers/EmWin/STemWin_CM4_wc32.a(GUIDRV_FlexColor.o)
 .text._Log2PhysY_X0Y0S0
                0x000000000800866a        0x4 D:/cubeide_workspace/EmbSchool/Drivers/EmWin/STemWin_CM4_wc32.a(GUIDRV_FlexColor.o)
 .text._Log2PhysY_X0Y1S0
                0x000000000800866e        0x8 D:/cubeide_workspace/EmbSchool/Drivers/EmWin/STemWin_CM4_wc32.a(GUIDRV_FlexColor.o)
 .text._Log2PhysX_X1Y0S0
                0x0000000008008676        0x8 D:/cubeide_workspace/EmbSchool/Drivers/EmWin/STemWin_CM4_wc32.a(GUIDRV_FlexColor.o)
 .text._Log2PhysX_X1Y1S0
                0x000000000800867e        0x8 D:/cubeide_workspace/EmbSchool/Drivers/EmWin/STemWin_CM4_wc32.a(GUIDRV_FlexColor.o)
 .text._Log2PhysX_X1Y0S1
                0x0000000008008686        0x8 D:/cubeide_workspace/EmbSchool/Drivers/EmWin/STemWin_CM4_wc32.a(GUIDRV_FlexColor.o)
 .text._Log2PhysX_X1Y1S1
                0x000000000800868e        0x8 D:/cubeide_workspace/EmbSchool/Drivers/EmWin/STemWin_CM4_wc32.a(GUIDRV_FlexColor.o)
 .text._Log2PhysY_X0Y1S1
                0x0000000008008696        0x8 D:/cubeide_workspace/EmbSchool/Drivers/EmWin/STemWin_CM4_wc32.a(GUIDRV_FlexColor.o)
 .text.GUIDRV_FlexColor__SetPixelIndexNoCache
                0x000000000800869e       0x88 D:/cubeide_workspace/EmbSchool/Drivers/EmWin/STemWin_CM4_wc32.a(GUIDRV_FlexColor.o)
                0x000000000800869e                GUIDRV_FlexColor__SetPixelIndexNoCache
 .text.GUIDRV_FlexColor__GetPixelIndexNoCache
                0x0000000008008726       0xb2 D:/cubeide_workspace/EmbSchool/Drivers/EmWin/STemWin_CM4_wc32.a(GUIDRV_FlexColor.o)
                0x0000000008008726                GUIDRV_FlexColor__GetPixelIndexNoCache
 .text.GUIDRV_FlexColor__InitOnce
                0x00000000080087d8       0x3c D:/cubeide_workspace/EmbSchool/Drivers/EmWin/STemWin_CM4_wc32.a(GUIDRV_FlexColor.o)
                0x00000000080087d8                GUIDRV_FlexColor__InitOnce
 .text._SetDevFunc
                0x0000000008008814       0x9c D:/cubeide_workspace/EmbSchool/Drivers/EmWin/STemWin_CM4_wc32.a(GUIDRV_FlexColor.o)
 .text._GetDevFunc_Init
                0x00000000080088b0       0x4a D:/cubeide_workspace/EmbSchool/Drivers/EmWin/STemWin_CM4_wc32.a(GUIDRV_FlexColor.o)
 .text._GetDevFunc_SetSize
                0x00000000080088fa       0x14 D:/cubeide_workspace/EmbSchool/Drivers/EmWin/STemWin_CM4_wc32.a(GUIDRV_FlexColor.o)
 .text._GetDevFunc_SetVSize
                0x000000000800890e       0x14 D:/cubeide_workspace/EmbSchool/Drivers/EmWin/STemWin_CM4_wc32.a(GUIDRV_FlexColor.o)
 .text._GetDevFunc_Off
                0x0000000008008922       0x16 D:/cubeide_workspace/EmbSchool/Drivers/EmWin/STemWin_CM4_wc32.a(GUIDRV_FlexColor.o)
 .text._GetDevFunc_On
                0x0000000008008938       0x16 D:/cubeide_workspace/EmbSchool/Drivers/EmWin/STemWin_CM4_wc32.a(GUIDRV_FlexColor.o)
 .text.GUIDRV_FlexColor_Config
                0x000000000800894e       0x3c D:/cubeide_workspace/EmbSchool/Drivers/EmWin/STemWin_CM4_wc32.a(GUIDRV_FlexColor.o)
                0x000000000800894e                GUIDRV_FlexColor_Config
 .text.GUIDRV_FlexColor_SetFunc
                0x000000000800898a       0x32 D:/cubeide_workspace/EmbSchool/Drivers/EmWin/STemWin_CM4_wc32.a(GUIDRV_FlexColor.o)
                0x000000000800898a                GUIDRV_FlexColor_SetFunc
 .text._WriteU16_A1
                0x00000000080089bc       0x14 D:/cubeide_workspace/EmbSchool/Drivers/EmWin/STemWin_CM4_wc32.a(GUIDRV_FlexColor_16bpp_C0B8.o)
 .text._WriteDataMP
                0x00000000080089d0       0x4e D:/cubeide_workspace/EmbSchool/Drivers/EmWin/STemWin_CM4_wc32.a(GUIDRV_FlexColor_16bpp_C0B8.o)
 .text._ReadData
                0x0000000008008a1e        0xa D:/cubeide_workspace/EmbSchool/Drivers/EmWin/STemWin_CM4_wc32.a(GUIDRV_FlexColor_16bpp_C0B8.o)
 .text._WriteData
                0x0000000008008a28        0x6 D:/cubeide_workspace/EmbSchool/Drivers/EmWin/STemWin_CM4_wc32.a(GUIDRV_FlexColor_16bpp_C0B8.o)
 *fill*         0x0000000008008a2e        0x2 
 .text._FillRect
                0x0000000008008a30      0x104 D:/cubeide_workspace/EmbSchool/Drivers/EmWin/STemWin_CM4_wc32.a(GUIDRV_FlexColor_16bpp_C0B8.o)
 .text._DrawBitmap
                0x0000000008008b34      0x528 D:/cubeide_workspace/EmbSchool/Drivers/EmWin/STemWin_CM4_wc32.a(GUIDRV_FlexColor_16bpp_C0B8.o)
 .text.GUIDRV_FlexColor_SetMode16bppC0B8
                0x000000000800905c       0x68 D:/cubeide_workspace/EmbSchool/Drivers/EmWin/STemWin_CM4_wc32.a(GUIDRV_FlexColor_16bpp_C0B8.o)
                0x000000000800905c                GUIDRV_FlexColor_SetMode16bppC0B8
 .text._SetPhysRAMAddr
                0x00000000080090c4       0xa6 D:/cubeide_workspace/EmbSchool/Drivers/EmWin/STemWin_CM4_wc32.a(GUIDRV_FlexColor_Func66709.o)
 .text._SetRect
                0x000000000800916a       0xa6 D:/cubeide_workspace/EmbSchool/Drivers/EmWin/STemWin_CM4_wc32.a(GUIDRV_FlexColor_Func66709.o)
 .text._SetOrientation
                0x0000000008009210       0x40 D:/cubeide_workspace/EmbSchool/Drivers/EmWin/STemWin_CM4_wc32.a(GUIDRV_FlexColor_Func66709.o)
 .text._ReadPixel_16bpp_B8
                0x0000000008009250       0x38 D:/cubeide_workspace/EmbSchool/Drivers/EmWin/STemWin_CM4_wc32.a(GUIDRV_FlexColor_Func66709.o)
 .text._ReadPixel_16bpp_B16_I
                0x0000000008009288       0x3c D:/cubeide_workspace/EmbSchool/Drivers/EmWin/STemWin_CM4_wc32.a(GUIDRV_FlexColor_Func66709.o)
 .text._SetReg_B8
                0x00000000080092c4       0x1a D:/cubeide_workspace/EmbSchool/Drivers/EmWin/STemWin_CM4_wc32.a(GUIDRV_FlexColor_Func66709.o)
 .text._SetReg_B16
                0x00000000080092de        0x8 D:/cubeide_workspace/EmbSchool/Drivers/EmWin/STemWin_CM4_wc32.a(GUIDRV_FlexColor_Func66709.o)
 .text._WritePara_B8
                0x00000000080092e6        0x8 D:/cubeide_workspace/EmbSchool/Drivers/EmWin/STemWin_CM4_wc32.a(GUIDRV_FlexColor_Func66709.o)
 .text._WritePara_B16
                0x00000000080092ee        0x8 D:/cubeide_workspace/EmbSchool/Drivers/EmWin/STemWin_CM4_wc32.a(GUIDRV_FlexColor_Func66709.o)
 *fill*         0x00000000080092f6        0x2 
 .text._SetInterface
                0x00000000080092f8       0x34 D:/cubeide_workspace/EmbSchool/Drivers/EmWin/STemWin_CM4_wc32.a(GUIDRV_FlexColor_Func66709.o)
 .text._ReadRect_16bpp_B8
                0x000000000800932c       0x60 D:/cubeide_workspace/EmbSchool/Drivers/EmWin/STemWin_CM4_wc32.a(GUIDRV_FlexColor_Func66709.o)
 .text._ReadRect_16bpp_B16_I
                0x000000000800938c       0x62 D:/cubeide_workspace/EmbSchool/Drivers/EmWin/STemWin_CM4_wc32.a(GUIDRV_FlexColor_Func66709.o)
 *fill*         0x00000000080093ee        0x2 
 .text.GUIDRV_FlexColor_SetFunc66709
                0x00000000080093f0       0x6c D:/cubeide_workspace/EmbSchool/Drivers/EmWin/STemWin_CM4_wc32.a(GUIDRV_FlexColor_Func66709.o)
                0x00000000080093f0                GUIDRV_FlexColor_SetFunc66709
 .text._GetDevData
                0x000000000800945c       0x10 D:/cubeide_workspace/EmbSchool/Drivers/EmWin/STemWin_CM4_wc32.a(GUIDEV_16.o)
 .text._GetDevFunc
                0x000000000800946c       0x10 D:/cubeide_workspace/EmbSchool/Drivers/EmWin/STemWin_CM4_wc32.a(GUIDEV_16.o)
 .text._SetOrg  0x000000000800947c        0xc D:/cubeide_workspace/EmbSchool/Drivers/EmWin/STemWin_CM4_wc32.a(GUIDEV_16.o)
 .text._GetRect
                0x0000000008009488       0x36 D:/cubeide_workspace/EmbSchool/Drivers/EmWin/STemWin_CM4_wc32.a(GUIDEV_16.o)
 *fill*         0x00000000080094be        0x2 
 .text._XY2PTR  0x00000000080094c0       0x40 D:/cubeide_workspace/EmbSchool/Drivers/EmWin/STemWin_CM4_wc32.a(GUIDEV_16.o)
 .text._GetPixelIndex
                0x0000000008009500        0xe D:/cubeide_workspace/EmbSchool/Drivers/EmWin/STemWin_CM4_wc32.a(GUIDEV_16.o)
 *fill*         0x000000000800950e        0x2 
 .text._XorPixel
                0x0000000008009510       0x58 D:/cubeide_workspace/EmbSchool/Drivers/EmWin/STemWin_CM4_wc32.a(GUIDEV_16.o)
 .text._SetPixelIndex
                0x0000000008009568       0x4c D:/cubeide_workspace/EmbSchool/Drivers/EmWin/STemWin_CM4_wc32.a(GUIDEV_16.o)
 .text._DrawVLine
                0x00000000080095b4       0xbc D:/cubeide_workspace/EmbSchool/Drivers/EmWin/STemWin_CM4_wc32.a(GUIDEV_16.o)
 .text._FillRect
                0x0000000008009670       0xb4 D:/cubeide_workspace/EmbSchool/Drivers/EmWin/STemWin_CM4_wc32.a(GUIDEV_16.o)
 .text._DrawHLine
                0x0000000008009724        0xe D:/cubeide_workspace/EmbSchool/Drivers/EmWin/STemWin_CM4_wc32.a(GUIDEV_16.o)
 *fill*         0x0000000008009732        0x2 
 .text._DrawBitmap
                0x0000000008009734      0x740 D:/cubeide_workspace/EmbSchool/Drivers/EmWin/STemWin_CM4_wc32.a(GUIDEV_16.o)
 .text._GetDevProp
                0x0000000008009e74       0x18 D:/cubeide_workspace/EmbSchool/Drivers/EmWin/STemWin_CM4_wc32.a(GUIDEV_16.o)
 .text.GUI_USAGE_DecUseCnt
                0x0000000008009e8c       0x28 D:/cubeide_workspace/EmbSchool/Drivers/EmWin/STemWin_CM4_wc32.a(GUIDEV_Usage.o)
                0x0000000008009e8c                GUI_USAGE_DecUseCnt
 .text.GUI_USAGE_AddRect
                0x0000000008009eb4       0x26 D:/cubeide_workspace/EmbSchool/Drivers/EmWin/STemWin_CM4_wc32.a(GUIDEV_Usage.o)
                0x0000000008009eb4                GUI_USAGE_AddRect
 .text._Convert16
                0x0000000008009eda       0x3e D:/cubeide_workspace/EmbSchool/Drivers/EmWin/STemWin_CM4_wc32.a(GUIDEV_WriteToActiveOpaque.o)
 .text._Convert8
                0x0000000008009f18       0x42 D:/cubeide_workspace/EmbSchool/Drivers/EmWin/STemWin_CM4_wc32.a(GUIDEV_WriteToActiveOpaque.o)
 *fill*         0x0000000008009f5a        0x2 
 .text.GUI_MEMDEV__WriteToActiveOpaque
                0x0000000008009f5c      0x74c D:/cubeide_workspace/EmbSchool/Drivers/EmWin/STemWin_CM4_wc32.a(GUIDEV_WriteToActiveOpaque.o)
                0x0000000008009f5c                GUI_MEMDEV__WriteToActiveOpaque
 .text._OnExit  0x000000000800a6a8       0x9c D:/cubeide_workspace/EmbSchool/Drivers/EmWin/STemWin_CM4_wc32.a(WM.o)
 .text._Findy1  0x000000000800a744       0xa6 D:/cubeide_workspace/EmbSchool/Drivers/EmWin/STemWin_CM4_wc32.a(WM.o)
 .text._Findx0  0x000000000800a7ea       0x86 D:/cubeide_workspace/EmbSchool/Drivers/EmWin/STemWin_CM4_wc32.a(WM.o)
 .text._Findx1  0x000000000800a870       0x72 D:/cubeide_workspace/EmbSchool/Drivers/EmWin/STemWin_CM4_wc32.a(WM.o)
 *fill*         0x000000000800a8e2        0x2 
 .text.WM__ClipAtParentBorders
                0x000000000800a8e4       0x58 D:/cubeide_workspace/EmbSchool/Drivers/EmWin/STemWin_CM4_wc32.a(WM.o)
                0x000000000800a8e4                WM__ClipAtParentBorders
 .text.WM__InsertWindowIntoList
                0x000000000800a93c       0xac D:/cubeide_workspace/EmbSchool/Drivers/EmWin/STemWin_CM4_wc32.a(WM.o)
                0x000000000800a93c                WM__InsertWindowIntoList
 .text.WM__Client2Screen
                0x000000000800a9e8       0x10 D:/cubeide_workspace/EmbSchool/Drivers/EmWin/STemWin_CM4_wc32.a(WM.o)
                0x000000000800a9e8                WM__Client2Screen
 .text._SetClipRectUserIntersect
                0x000000000800a9f8       0x50 D:/cubeide_workspace/EmbSchool/Drivers/EmWin/STemWin_CM4_wc32.a(WM.o)
 .text.WM__ActivateClipRect
                0x000000000800aa48       0x48 D:/cubeide_workspace/EmbSchool/Drivers/EmWin/STemWin_CM4_wc32.a(WM.o)
                0x000000000800aa48                WM__ActivateClipRect
 .text.WM__InvalidateDrawAndDescs
                0x000000000800aa90       0x50 D:/cubeide_workspace/EmbSchool/Drivers/EmWin/STemWin_CM4_wc32.a(WM.o)
                0x000000000800aa90                WM__InvalidateDrawAndDescs
 .text.WM__RectIsNZ
                0x000000000800aae0       0x22 D:/cubeide_workspace/EmbSchool/Drivers/EmWin/STemWin_CM4_wc32.a(WM.o)
                0x000000000800aae0                WM__RectIsNZ
 .text.WM__SendMsgNoData
                0x000000000800ab02       0x16 D:/cubeide_workspace/EmbSchool/Drivers/EmWin/STemWin_CM4_wc32.a(WM.o)
                0x000000000800ab02                WM__SendMsgNoData
 .text.WM__GetClientRectWin
                0x000000000800ab18       0x18 D:/cubeide_workspace/EmbSchool/Drivers/EmWin/STemWin_CM4_wc32.a(WM.o)
                0x000000000800ab18                WM__GetClientRectWin
 .text.WM__GetTopLevelLayer
                0x000000000800ab30       0x28 D:/cubeide_workspace/EmbSchool/Drivers/EmWin/STemWin_CM4_wc32.a(WM.o)
                0x000000000800ab30                WM__GetTopLevelLayer
 .text._Invalidate1Abs
                0x000000000800ab58       0xa0 D:/cubeide_workspace/EmbSchool/Drivers/EmWin/STemWin_CM4_wc32.a(WM.o)
 .text.WM__Invalidate1Abs
                0x000000000800abf8        0x6 D:/cubeide_workspace/EmbSchool/Drivers/EmWin/STemWin_CM4_wc32.a(WM.o)
                0x000000000800abf8                WM__Invalidate1Abs
 .text.WM_InvalidateWindowAndDescsEx
                0x000000000800abfe       0x64 D:/cubeide_workspace/EmbSchool/Drivers/EmWin/STemWin_CM4_wc32.a(WM.o)
                0x000000000800abfe                WM_InvalidateWindowAndDescsEx
 .text.WM__InvalidateRect
                0x000000000800ac62       0x76 D:/cubeide_workspace/EmbSchool/Drivers/EmWin/STemWin_CM4_wc32.a(WM.o)
                0x000000000800ac62                WM__InvalidateRect
 .text.WM__InvalidateRectEx
                0x000000000800acd8        0x6 D:/cubeide_workspace/EmbSchool/Drivers/EmWin/STemWin_CM4_wc32.a(WM.o)
                0x000000000800acd8                WM__InvalidateRectEx
 .text.WM_InvalidateRect
                0x000000000800acde       0x78 D:/cubeide_workspace/EmbSchool/Drivers/EmWin/STemWin_CM4_wc32.a(WM.o)
                0x000000000800acde                WM_InvalidateRect
 .text.WM_InvalidateWindow
                0x000000000800ad56        0x6 D:/cubeide_workspace/EmbSchool/Drivers/EmWin/STemWin_CM4_wc32.a(WM.o)
                0x000000000800ad56                WM_InvalidateWindow
 .text.WM__SelectTopLevelLayer
                0x000000000800ad5c       0x14 D:/cubeide_workspace/EmbSchool/Drivers/EmWin/STemWin_CM4_wc32.a(WM.o)
                0x000000000800ad5c                WM__SelectTopLevelLayer
 .text.WM_SelectWindow
                0x000000000800ad70       0x40 D:/cubeide_workspace/EmbSchool/Drivers/EmWin/STemWin_CM4_wc32.a(WM.o)
                0x000000000800ad70                WM_SelectWindow
 .text.WM_CreateWindowAsChild
                0x000000000800adb0      0x160 D:/cubeide_workspace/EmbSchool/Drivers/EmWin/STemWin_CM4_wc32.a(WM.o)
                0x000000000800adb0                WM_CreateWindowAsChild
 .text.WM__GetNextIVR
                0x000000000800af10      0x184 D:/cubeide_workspace/EmbSchool/Drivers/EmWin/STemWin_CM4_wc32.a(WM.o)
                0x000000000800af10                WM__GetNextIVR
 .text.WM__InitIVRSearch
                0x000000000800b094      0x100 D:/cubeide_workspace/EmbSchool/Drivers/EmWin/STemWin_CM4_wc32.a(WM.o)
                0x000000000800b094                WM__InitIVRSearch
 .text.WM_Activate
                0x000000000800b194       0x10 D:/cubeide_workspace/EmbSchool/Drivers/EmWin/STemWin_CM4_wc32.a(WM.o)
                0x000000000800b194                WM_Activate
 .text.WM_DefaultProc
                0x000000000800b1a4       0x48 D:/cubeide_workspace/EmbSchool/Drivers/EmWin/STemWin_CM4_wc32.a(WM.o)
                0x000000000800b1a4                WM_DefaultProc
 .text._cbBackWin
                0x000000000800b1ec       0x68 D:/cubeide_workspace/EmbSchool/Drivers/EmWin/STemWin_CM4_wc32.a(WM.o)
 .text.WM_Init  0x000000000800b254       0xf0 D:/cubeide_workspace/EmbSchool/Drivers/EmWin/STemWin_CM4_wc32.a(WM.o)
                0x000000000800b254                WM_Init
 .text.WM_GetDesktopWindow
                0x000000000800b344       0x18 D:/cubeide_workspace/EmbSchool/Drivers/EmWin/STemWin_CM4_wc32.a(WM_Lib.o)
                0x000000000800b344                WM_GetDesktopWindow
 .text.WM_GetFirstChild
                0x000000000800b35c       0x10 D:/cubeide_workspace/EmbSchool/Drivers/EmWin/STemWin_CM4_wc32.a(WM_Lib.o)
                0x000000000800b35c                WM_GetFirstChild
 .text.WM_GetParent
                0x000000000800b36c       0x10 D:/cubeide_workspace/EmbSchool/Drivers/EmWin/STemWin_CM4_wc32.a(WM_Lib.o)
                0x000000000800b36c                WM_GetParent
 .text.WM_BringToBottom
                0x000000000800b37c       0x86 D:/cubeide_workspace/EmbSchool/Drivers/EmWin/STemWin_CM4_wc32.a(WM_Lib.o)
                0x000000000800b37c                WM_BringToBottom
 .text.WM_SendToParent
                0x000000000800b402       0x1c D:/cubeide_workspace/EmbSchool/Drivers/EmWin/STemWin_CM4_wc32.a(WM_Lib.o)
                0x000000000800b402                WM_SendToParent
 .text.WM__GetFirstSibling
                0x000000000800b41e       0x12 D:/cubeide_workspace/EmbSchool/Drivers/EmWin/STemWin_CM4_wc32.a(WM__Private.o)
                0x000000000800b41e                WM__GetFirstSibling
 .text.WM__GetPrevSibling
                0x000000000800b430       0x26 D:/cubeide_workspace/EmbSchool/Drivers/EmWin/STemWin_CM4_wc32.a(WM__Private.o)
                0x000000000800b430                WM__GetPrevSibling
 *fill*         0x000000000800b456        0x2 
 .text.WM__SendMessage
                0x000000000800b458       0x3c D:/cubeide_workspace/EmbSchool/Drivers/EmWin/STemWin_CM4_wc32.a(WM__Private.o)
                0x000000000800b458                WM__SendMessage
 .text.WM__AddCriticalHandle
                0x000000000800b494       0x10 D:/cubeide_workspace/EmbSchool/Drivers/EmWin/STemWin_CM4_wc32.a(WM__Private.o)
                0x000000000800b494                WM__AddCriticalHandle
 .text.WM__GetClientRectEx
                0x000000000800b4a4       0x22 D:/cubeide_workspace/EmbSchool/Drivers/EmWin/STemWin_CM4_wc32.a(WM__Private.o)
                0x000000000800b4a4                WM__GetClientRectEx
 .text._GetIndexMask_0
                0x000000000800b4c6       0x52 D:/cubeide_workspace/EmbSchool/Drivers/EmWin/STemWin_CM4_wc32.a(GUICC_0.o)
 .text._Index2Color_0