../Drivers/CMSIS/Include/core_cm4.h:1676:26:__NVIC_GetPriorityGrouping	4	static
../Drivers/CMSIS/Include/core_cm4.h:1688:22:__NVIC_EnableIRQ	16	static
../Drivers/CMSIS/Include/core_cm4.h:1816:22:__NVIC_SetPriority	16	static
../Drivers/CMSIS/Include/core_cm4.h:1863:26:NVIC_EncodePriority	40	static
../Drivers/STM32F4xx_HAL_Driver/Inc/stm32f4xx_ll_spi.h:365:22:LL_SPI_SetStandard	16	static
../Drivers/STM32F4xx_HAL_Driver/Inc/stm32f4xx_ll_tim.h:1315:22:LL_TIM_DisableARRPreload	16	static
../Drivers/STM32F4xx_HAL_Driver/Inc/stm32f4xx_ll_tim.h:1922:22:LL_TIM_OC_DisableFast	24	static
../Drivers/STM32F4xx_HAL_Driver/Inc/stm32f4xx_ll_tim.h:1966:22:LL_TIM_OC_EnablePreload	24	static
../Drivers/STM32F4xx_HAL_Driver/Inc/stm32f4xx_ll_tim.h:2737:22:LL_TIM_SetTriggerOutput	16	static
../Drivers/STM32F4xx_HAL_Driver/Inc/stm32f4xx_ll_tim.h:2803:22:LL_TIM_DisableMasterSlaveMode	16	static
../Drivers/STM32F4xx_HAL_Driver/Inc/stm32f4xx_ll_usart.h:410:22:LL_USART_Enable	16	static
../Drivers/STM32F4xx_HAL_Driver/Inc/stm32f4xx_ll_usart.h:1479:22:LL_USART_ConfigAsyncMode	16	static
../Drivers/STM32F4xx_HAL_Driver/Inc/stm32f4xx_ll_usart.h:2035:22:LL_USART_EnableIT_RXNE	40	static,ignoring_inline_asm
../Drivers/STM32F4xx_HAL_Driver/Inc/stm32f4xx_ll_system.h:671:22:LL_SYSCFG_SetEXTISource	24	static,ignoring_inline_asm
../Drivers/STM32F4xx_HAL_Driver/Inc/stm32f4xx_ll_gpio.h:273:22:LL_GPIO_SetPinMode	40	static,ignoring_inline_asm
../Drivers/STM32F4xx_HAL_Driver/Inc/stm32f4xx_ll_gpio.h:484:22:LL_GPIO_SetPinPull	40	static,ignoring_inline_asm
../Drivers/STM32F4xx_HAL_Driver/Inc/stm32f4xx_ll_gpio.h:881:22:LL_GPIO_SetOutputPin	16	static
../Drivers/STM32F4xx_HAL_Driver/Inc/stm32f4xx_ll_gpio.h:910:22:LL_GPIO_ResetOutputPin	16	static
../Drivers/STM32F4xx_HAL_Driver/Inc/stm32f4xx_ll_bus.h:409:22:LL_AHB1_GRP1_EnableClock	24	static
../Drivers/STM32F4xx_HAL_Driver/Inc/stm32f4xx_ll_bus.h:1185:22:LL_APB1_GRP1_EnableClock	24	static
../Drivers/STM32F4xx_HAL_Driver/Inc/stm32f4xx_ll_bus.h:1704:22:LL_APB2_GRP1_EnableClock	24	static
../Core/Src/main.c:91:9:DS1307_GetRegByte	32	static
../Core/Src/main.c:105:5:main	24	static
../Core/Src/main.c:230:6:SystemClock_Config	88	static
../Core/Src/main.c:276:13:MX_ADC1_Init	24	static
../Core/Src/main.c:328:13:MX_CRC_Init	8	static
../Core/Src/main.c:352:13:MX_I2C3_Init	8	static
../Core/Src/main.c:386:13:MX_SPI1_Init	72	static
../Core/Src/main.c:441:13:MX_SPI2_Init	72	static
../Core/Src/main.c:496:13:MX_TIM3_Init	88	static
../Core/Src/main.c:552:13:MX_TIM4_Init	88	static
../Core/Src/main.c:612:13:MX_UART4_Init	64	static
../Core/Src/main.c:667:13:MX_USART2_UART_Init	64	static
../Core/Src/main.c:722:13:MX_GPIO_Init	40	static
../Core/Src/main.c:801:6:Error_Handler	4	static,ignoring_inline_asm
